Archive member included to satisfy reference by file (symbol)

C:/ST/STM32CubeCLT_1.16.0/GNU-tools-for-STM32/bin/../lib/gcc/arm-none-eabi/12.3.1/../../../../arm-none-eabi/lib/thumb/v7e-m+dp/hard\libc_nano.a(libc_a-exit.o)
                              C:/ST/STM32CubeCLT_1.16.0/GNU-tools-for-STM32/bin/../lib/gcc/arm-none-eabi/12.3.1/../../../../arm-none-eabi/lib/thumb/v7e-m+dp/hard/crt0.o (exit)
C:/ST/STM32CubeCLT_1.16.0/GNU-tools-for-STM32/bin/../lib/gcc/arm-none-eabi/12.3.1/../../../../arm-none-eabi/lib/thumb/v7e-m+dp/hard\libc_nano.a(libc_a-findfp.o)
                              C:/ST/STM32CubeCLT_1.16.0/GNU-tools-for-STM32/bin/../lib/gcc/arm-none-eabi/12.3.1/../../../../arm-none-eabi/lib/thumb/v7e-m+dp/hard\libc_nano.a(libc_a-exit.o) (__stdio_exit_handler)
C:/ST/STM32CubeCLT_1.16.0/GNU-tools-for-STM32/bin/../lib/gcc/arm-none-eabi/12.3.1/../../../../arm-none-eabi/lib/thumb/v7e-m+dp/hard\libc_nano.a(libc_a-fwalk.o)
                              C:/ST/STM32CubeCLT_1.16.0/GNU-tools-for-STM32/bin/../lib/gcc/arm-none-eabi/12.3.1/../../../../arm-none-eabi/lib/thumb/v7e-m+dp/hard\libc_nano.a(libc_a-findfp.o) (_fwalk_sglue)
C:/ST/STM32CubeCLT_1.16.0/GNU-tools-for-STM32/bin/../lib/gcc/arm-none-eabi/12.3.1/../../../../arm-none-eabi/lib/thumb/v7e-m+dp/hard\libc_nano.a(libc_a-stdio.o)
                              C:/ST/STM32CubeCLT_1.16.0/GNU-tools-for-STM32/bin/../lib/gcc/arm-none-eabi/12.3.1/../../../../arm-none-eabi/lib/thumb/v7e-m+dp/hard\libc_nano.a(libc_a-findfp.o) (__sread)
C:/ST/STM32CubeCLT_1.16.0/GNU-tools-for-STM32/bin/../lib/gcc/arm-none-eabi/12.3.1/../../../../arm-none-eabi/lib/thumb/v7e-m+dp/hard\libc_nano.a(libc_a-memset.o)
                              C:/ST/STM32CubeCLT_1.16.0/GNU-tools-for-STM32/bin/../lib/gcc/arm-none-eabi/12.3.1/../../../../arm-none-eabi/lib/thumb/v7e-m+dp/hard/crt0.o (memset)
C:/ST/STM32CubeCLT_1.16.0/GNU-tools-for-STM32/bin/../lib/gcc/arm-none-eabi/12.3.1/../../../../arm-none-eabi/lib/thumb/v7e-m+dp/hard\libc_nano.a(libc_a-closer.o)
                              C:/ST/STM32CubeCLT_1.16.0/GNU-tools-for-STM32/bin/../lib/gcc/arm-none-eabi/12.3.1/../../../../arm-none-eabi/lib/thumb/v7e-m+dp/hard\libc_nano.a(libc_a-stdio.o) (_close_r)
C:/ST/STM32CubeCLT_1.16.0/GNU-tools-for-STM32/bin/../lib/gcc/arm-none-eabi/12.3.1/../../../../arm-none-eabi/lib/thumb/v7e-m+dp/hard\libc_nano.a(libc_a-reent.o)
                              C:/ST/STM32CubeCLT_1.16.0/GNU-tools-for-STM32/bin/../lib/gcc/arm-none-eabi/12.3.1/../../../../arm-none-eabi/lib/thumb/v7e-m+dp/hard\libc_nano.a(libc_a-closer.o) (errno)
C:/ST/STM32CubeCLT_1.16.0/GNU-tools-for-STM32/bin/../lib/gcc/arm-none-eabi/12.3.1/../../../../arm-none-eabi/lib/thumb/v7e-m+dp/hard\libc_nano.a(libc_a-impure.o)
                              C:/ST/STM32CubeCLT_1.16.0/GNU-tools-for-STM32/bin/../lib/gcc/arm-none-eabi/12.3.1/../../../../arm-none-eabi/lib/thumb/v7e-m+dp/hard\libc_nano.a(libc_a-reent.o) (_impure_ptr)
C:/ST/STM32CubeCLT_1.16.0/GNU-tools-for-STM32/bin/../lib/gcc/arm-none-eabi/12.3.1/../../../../arm-none-eabi/lib/thumb/v7e-m+dp/hard\libc_nano.a(libc_a-lseekr.o)
                              C:/ST/STM32CubeCLT_1.16.0/GNU-tools-for-STM32/bin/../lib/gcc/arm-none-eabi/12.3.1/../../../../arm-none-eabi/lib/thumb/v7e-m+dp/hard\libc_nano.a(libc_a-stdio.o) (_lseek_r)
C:/ST/STM32CubeCLT_1.16.0/GNU-tools-for-STM32/bin/../lib/gcc/arm-none-eabi/12.3.1/../../../../arm-none-eabi/lib/thumb/v7e-m+dp/hard\libc_nano.a(libc_a-readr.o)
                              C:/ST/STM32CubeCLT_1.16.0/GNU-tools-for-STM32/bin/../lib/gcc/arm-none-eabi/12.3.1/../../../../arm-none-eabi/lib/thumb/v7e-m+dp/hard\libc_nano.a(libc_a-stdio.o) (_read_r)
C:/ST/STM32CubeCLT_1.16.0/GNU-tools-for-STM32/bin/../lib/gcc/arm-none-eabi/12.3.1/../../../../arm-none-eabi/lib/thumb/v7e-m+dp/hard\libc_nano.a(libc_a-writer.o)
                              C:/ST/STM32CubeCLT_1.16.0/GNU-tools-for-STM32/bin/../lib/gcc/arm-none-eabi/12.3.1/../../../../arm-none-eabi/lib/thumb/v7e-m+dp/hard\libc_nano.a(libc_a-stdio.o) (_write_r)
C:/ST/STM32CubeCLT_1.16.0/GNU-tools-for-STM32/bin/../lib/gcc/arm-none-eabi/12.3.1/../../../../arm-none-eabi/lib/thumb/v7e-m+dp/hard\libc_nano.a(libc_a-init.o)
                              C:/ST/STM32CubeCLT_1.16.0/GNU-tools-for-STM32/bin/../lib/gcc/arm-none-eabi/12.3.1/../../../../arm-none-eabi/lib/thumb/v7e-m+dp/hard/crt0.o (__libc_init_array)
C:/ST/STM32CubeCLT_1.16.0/GNU-tools-for-STM32/bin/../lib/gcc/arm-none-eabi/12.3.1/../../../../arm-none-eabi/lib/thumb/v7e-m+dp/hard\libc_nano.a(libc_a-lock.o)
                              C:/ST/STM32CubeCLT_1.16.0/GNU-tools-for-STM32/bin/../lib/gcc/arm-none-eabi/12.3.1/../../../../arm-none-eabi/lib/thumb/v7e-m+dp/hard\libc_nano.a(libc_a-findfp.o) (__retarget_lock_init_recursive)
C:/ST/STM32CubeCLT_1.16.0/GNU-tools-for-STM32/bin/../lib/gcc/arm-none-eabi/12.3.1/../../../../arm-none-eabi/lib/thumb/v7e-m+dp/hard\libc_nano.a(libc_a-freer.o)
[...]
Memory Configuration

Name             Origin             Length             Attributes
RAM_D1           0x24000004         0x00020000         xrw
*default*        0x00000000         0xffffffff

Linker script and memory map

LOAD C:/ST/STM32CubeCLT_1.16.0/GNU-tools-for-STM32/bin/../lib/gcc/arm-none-eabi/12.3.1/thumb/v7e-m+dp/hard/crti.o
LOAD C:/ST/STM32CubeCLT_1.16.0/GNU-tools-for-STM32/bin/../lib/gcc/arm-none-eabi/12.3.1/thumb/v7e-m+dp/hard/crtbegin.o
LOAD C:/ST/STM32CubeCLT_1.16.0/GNU-tools-for-STM32/bin/../lib/gcc/arm-none-eabi/12.3.1/../../../../arm-none-eabi/lib/thumb/v7e-m+dp/hard/crt0.o
LOAD C:/ST/STM32CubeCLT_1.16.0/GNU-tools-for-STM32/bin/../lib/gcc/arm-none-eabi/12.3.1/../../../../arm-none-eabi/lib/thumb/v7e-m+dp/hard\libc_nano.a
LOAD C:/ST/STM32CubeCLT_1.16.0/GNU-tools-for-STM32/bin/../lib/gcc/arm-none-eabi/12.3.1/../../../../arm-none-eabi/lib/thumb/v7e-m+dp/hard\libm.a
LOAD CMakeFiles/Nucleo-H723-QSPI-W25Q64.dir/Core/Src/w25q64.c.obj
LOAD CMakeFiles/Nucleo-H723-QSPI-W25Q64.dir/Core/Src/Dev_Inf.c.obj
LOAD CMakeFiles/Nucleo-H723-QSPI-W25Q64.dir/Core/Src/Loader_Src.c.obj
LOAD CMakeFiles/Nucleo-H723-QSPI-W25Q64.dir/Core/Src/main.c.obj
LOAD CMakeFiles/Nucleo-H723-QSPI-W25Q64.dir/Core/Src/gpio.c.obj
LOAD CMakeFiles/Nucleo-H723-QSPI-W25Q64.dir/Core/Src/memorymap.c.obj
LOAD CMakeFiles/Nucleo-H723-QSPI-W25Q64.dir/Core/Src/octospi.c.obj
LOAD CMakeFiles/Nucleo-H723-QSPI-W25Q64.dir/Core/Src/usart.c.obj
LOAD CMakeFiles/Nucleo-H723-QSPI-W25Q64.dir/Core/Src/stm32h7xx_it.c.obj
LOAD CMakeFiles/Nucleo-H723-QSPI-W25Q64.dir/Core/Src/stm32h7xx_hal_msp.c.obj
LOAD CMakeFiles/Nucleo-H723-QSPI-W25Q64.dir/Drivers/STM32H7xx_HAL_Driver/Src/stm32h7xx_hal_cortex.c.obj
LOAD CMakeFiles/Nucleo-H723-QSPI-W25Q64.dir/Drivers/STM32H7xx_HAL_Driver/Src/stm32h7xx_hal_rcc.c.obj
LOAD CMakeFiles/Nucleo-H723-QSPI-W25Q64.dir/Drivers/STM32H7xx_HAL_Driver/Src/stm32h7xx_hal_rcc_ex.c.obj
LOAD CMakeFiles/Nucleo-H723-QSPI-W25Q64.dir/Drivers/STM32H7xx_HAL_Driver/Src/stm32h7xx_hal_flash.c.obj
LOAD CMakeFiles/Nucleo-H723-QSPI-W25Q64.dir/Drivers/STM32H7xx_HAL_Driver/Src/stm32h7xx_hal_flash_ex.c.obj
LOAD CMakeFiles/Nucleo-H723-QSPI-W25Q64.dir/Drivers/STM32H7xx_HAL_Driver/Src/stm32h7xx_hal_gpio.c.obj
LOAD CMakeFiles/Nucleo-H723-QSPI-W25Q64.dir/Drivers/STM32H7xx_HAL_Driver/Src/stm32h7xx_hal_hsem.c.obj
LOAD CMakeFiles/Nucleo-H723-QSPI-W25Q64.dir/Drivers/STM32H7xx_HAL_Driver/Src/stm32h7xx_hal_dma.c.obj
LOAD CMakeFiles/Nucleo-H723-QSPI-W25Q64.dir/Drivers/STM32H7xx_HAL_Driver/Src/stm32h7xx_hal_dma_ex.c.obj
LOAD CMakeFiles/Nucleo-H723-QSPI-W25Q64.dir/Drivers/STM32H7xx_HAL_Driver/Src/stm32h7xx_hal_mdma.c.obj
LOAD CMakeFiles/Nucleo-H723-QSPI-W25Q64.dir/Drivers/STM32H7xx_HAL_Driver/Src/stm32h7xx_hal_pwr.c.obj
LOAD CMakeFiles/Nucleo-H723-QSPI-W25Q64.dir/Drivers/STM32H7xx_HAL_Driver/Src/stm32h7xx_hal_pwr_ex.c.obj
LOAD CMakeFiles/Nucleo-H723-QSPI-W25Q64.dir/Drivers/STM32H7xx_HAL_Driver/Src/stm32h7xx_hal.c.obj
LOAD CMakeFiles/Nucleo-H723-QSPI-W25Q64.dir/Drivers/STM32H7xx_HAL_Driver/Src/stm32h7xx_hal_i2c.c.obj
LOAD CMakeFiles/Nucleo-H723-QSPI-W25Q64.dir/Drivers/STM32H7xx_HAL_Driver/Src/stm32h7xx_hal_i2c_ex.c.obj
LOAD CMakeFiles/Nucleo-H723-QSPI-W25Q64.dir/Drivers/STM32H7xx_HAL_Driver/Src/stm32h7xx_hal_exti.c.obj
LOAD CMakeFiles/Nucleo-H723-QSPI-W25Q64.dir/Drivers/STM32H7xx_HAL_Driver/Src/stm32h7xx_hal_ospi.c.obj
LOAD CMakeFiles/Nucleo-H723-QSPI-W25Q64.dir/Drivers/STM32H7xx_HAL_Driver/Src/stm32h7xx_hal_uart.c.obj
LOAD CMakeFiles/Nucleo-H723-QSPI-W25Q64.dir/Drivers/STM32H7xx_HAL_Driver/Src/stm32h7xx_hal_uart_ex.c.obj
LOAD CMakeFiles/Nucleo-H723-QSPI-W25Q64.dir/Core/Src/system_stm32h7xx.c.obj
LOAD CMakeFiles/Nucleo-H723-QSPI-W25Q64.dir/Core/Src/sysmem.c.obj
LOAD CMakeFiles/Nucleo-H723-QSPI-W25Q64.dir/Core/Src/syscalls.c.obj
LOAD CMakeFiles/Nucleo-H723-QSPI-W25Q64.dir/startup_stm32h723xx.s.obj
START GROUP
LOAD C:/ST/STM32CubeCLT_1.16.0/GNU-tools-for-STM32/bin/../lib/gcc/arm-none-eabi/12.3.1/thumb/v7e-m+dp/hard\libgcc.a
LOAD C:/ST/STM32CubeCLT_1.16.0/GNU-tools-for-STM32/bin/../lib/gcc/arm-none-eabi/12.3.1/../../../../arm-none-eabi/lib/thumb/v7e-m+dp/hard\libg_nano.a
LOAD C:/ST/STM32CubeCLT_1.16.0/GNU-tools-for-STM32/bin/../lib/gcc/arm-none-eabi/12.3.1/../../../../arm-none-eabi/lib/thumb/v7e-m+dp/hard\libc_nano.a
END GROUP
START GROUP
LOAD C:/ST/STM32CubeCLT_1.16.0/GNU-tools-for-STM32/bin/../lib/gcc/arm-none-eabi/12.3.1/thumb/v7e-m+dp/hard\libgcc.a
LOAD C:/ST/STM32CubeCLT_1.16.0/GNU-tools-for-STM32/bin/../lib/gcc/arm-none-eabi/12.3.1/../../../../arm-none-eabi/lib/thumb/v7e-m+dp/hard\libc_nano.a
END GROUP
LOAD C:/ST/STM32CubeCLT_1.16.0/GNU-tools-for-STM32/bin/../lib/gcc/arm-none-eabi/12.3.1/thumb/v7e-m+dp/hard/crtend.o
LOAD C:/ST/STM32CubeCLT_1.16.0/GNU-tools-for-STM32/bin/../lib/gcc/arm-none-eabi/12.3.1/thumb/v7e-m+dp/hard/crtn.o
                0x24020004                        _estack = (ORIGIN (RAM_D1) + LENGTH (RAM_D1))
                0x00000200                        _Min_Heap_Size = 0x200
                0x00000400                        _Min_Stack_Size = 0x400

.isr_vector     0x24000004      0x2cc
                0x24000004                        . = ALIGN (0x4)
 *(.isr_vector)
 .isr_vector    0x24000004      0x2cc CMakeFiles/Nucleo-H723-QSPI-W25Q64.dir/startup_stm32h723xx.s.obj
                0x24000004                g_pfnVectors
                0x240002d0                        . = ALIGN (0x4)

.ARM.extab      0x240002d0        0x0
 *(.ARM.extab* .gnu.linkonce.armextab.*)
 .ARM.extab     0x240002d0        0x0 C:/ST/STM32CubeCLT_1.16.0/GNU-tools-for-STM32/bin/../lib/gcc/arm-none-eabi/12.3.1/../../../../arm-none-eabi/lib/thumb/v7e-m+dp/hard/crt0.o
 .ARM.extab     0x240002d0        0x0 C:/ST/STM32CubeCLT_1.16.0/GNU-tools-for-STM32/bin/../lib/gcc/arm-none-eabi/12.3.1/thumb/v7e-m+dp/hard\libgcc.a(_udivmoddi4.o)

.ARM            0x240002d0        0x8
                0x240002d0                        __exidx_start = .
 *(.ARM.exidx*)
 .ARM.exidx     0x240002d0        0x8 C:/ST/STM32CubeCLT_1.16.0/GNU-tools-for-STM32/bin/../lib/gcc/arm-none-eabi/12.3.1/../../../../arm-none-eabi/lib/thumb/v7e-m+dp/hard/crt0.o
                                 0x10 (size before relaxing)
 .ARM.exidx     0x240002d8        0x0 C:/ST/STM32CubeCLT_1.16.0/GNU-tools-for-STM32/bin/../lib/gcc/arm-none-eabi/12.3.1/thumb/v7e-m+dp/hard\libgcc.a(_udivmoddi4.o)
                                  0x8 (size before relaxing)
                0x240002d8                        __exidx_end = .

.preinit_array  0x240002d8        0x0
                0x240002d8                        PROVIDE (__preinit_array_start = .)
 *(.preinit_array*)
                0x240002d8                        PROVIDE (__preinit_array_end = .)

.init_array     0x240002d8        0x4
                0x240002d8                        PROVIDE (__init_array_start = .)
 *(SORT_BY_NAME(.init_array.*))
 *(.init_array*)
 .init_array    0x240002d8        0x4 C:/ST/STM32CubeCLT_1.16.0/GNU-tools-for-STM32/bin/../lib/gcc/arm-none-eabi/12.3.1/thumb/v7e-m+dp/hard/crtbegin.o
                0x240002dc                        PROVIDE (__init_array_end = .)

.fini_array     0x240002dc        0x4
                [!provide]                        PROVIDE (__fini_array_start = .)
 *(SORT_BY_NAME(.fini_array.*))
 *(.fini_array*)
 .fini_array    0x240002dc        0x4 C:/ST/STM32CubeCLT_1.16.0/GNU-tools-for-STM32/bin/../lib/gcc/arm-none-eabi/12.3.1/thumb/v7e-m+dp/hard/crtbegin.o
                [!provide]                        PROVIDE (__fini_array_end = .)
                0x240002e0                        _sidata = LOADADDR (.data)

.data           0x240002e0       0x74
                0x240002e0                        . = ALIGN (0x4)
                0x240002e0                        _sdata = .
 *(.data)
 .data          0x240002e0        0x0 C:/ST/STM32CubeCLT_1.16.0/GNU-tools-for-STM32/bin/../lib/gcc/arm-none-eabi/12.3.1/thumb/v7e-m+dp/hard/crti.o
 .data          0x240002e0        0x4 C:/ST/STM32CubeCLT_1.16.0/GNU-tools-for-STM32/bin/../lib/gcc/arm-none-eabi/12.3.1/thumb/v7e-m+dp/hard/crtbegin.o
                0x240002e0                __dso_handle
 .data          0x240002e4        0x0 C:/ST/STM32CubeCLT_1.16.0/GNU-tools-for-STM32/bin/../lib/gcc/arm-none-eabi/12.3.1/../../../../arm-none-eabi/lib/thumb/v7e-m+dp/hard/crt0.o
 .data          0x240002e4        0x0 C:/ST/STM32CubeCLT_1.16.0/GNU-tools-for-STM32/bin/../lib/gcc/arm-none-eabi/12.3.1/../../../../arm-none-eabi/lib/thumb/v7e-m+dp/hard\libc_nano.a(libc_a-exit.o)
 .data          0x240002e4        0x0 C:/ST/STM32CubeCLT_1.16.0/GNU-tools-for-STM32/bin/../lib/gcc/arm-none-eabi/12.3.1/../../../../arm-none-eabi/lib/thumb/v7e-m+dp/hard\libc_nano.a(libc_a-findfp.o)
 .data          0x240002e4        0x0 C:/ST/STM32CubeCLT_1.16.0/GNU-tools-for-STM32/bin/../lib/gcc/arm-none-eabi/12.3.1/../../../../arm-none-eabi/lib/thumb/v7e-m+dp/hard\libc_nano.a(libc_a-fwalk.o)
 .data          0x240002e4        0x0 C:/ST/STM32CubeCLT_1.16.0/GNU-tools-for-STM32/bin/../lib/gcc/arm-none-eabi/12.3.1/../../../../arm-none-eabi/lib/thumb/v7e-m+dp/hard\libc_nano.a(libc_a-stdio.o)
 .data          0x240002e4        0x0 C:/ST/STM32CubeCLT_1.16.0/GNU-tools-for-STM32/bin/../lib/gcc/arm-none-eabi/12.3.1/../../../../arm-none-eabi/lib/thumb/v7e-m+dp/hard\libc_nano.a(libc_a-memset.o)
 .data          0x240002e4        0x0 C:/ST/STM32CubeCLT_1.16.0/GNU-tools-for-STM32/bin/../lib/gcc/arm-none-eabi/12.3.1/../../../../arm-none-eabi/lib/thumb/v7e-m+dp/hard\libc_nano.a(libc_a-closer.o)
 .data          0x240002e4        0x0 C:/ST/STM32CubeCLT_1.16.0/GNU-tools-for-STM32/bin/../lib/gcc/arm-none-eabi/12.3.1/../../../../arm-none-eabi/lib/thumb/v7e-m+dp/hard\libc_nano.a(libc_a-reent.o)
 .data          0x240002e4        0x0 C:/ST/STM32CubeCLT_1.16.0/GNU-tools-for-STM32/bin/../lib/gcc/arm-none-eabi/12.3.1/../../../../arm-none-eabi/lib/thumb/v7e-m+dp/hard\libc_nano.a(libc_a-impure.o)
 .data          0x240002e4        0x0 C:/ST/STM32CubeCLT_1.16.0/GNU-tools-for-STM32/bin/../lib/gcc/arm-none-eabi/12.3.1/../../../../arm-none-eabi/lib/thumb/v7e-m+dp/hard\libc_nano.a(libc_a-lseekr.o)
 .data          0x240002e4        0x0 C:/ST/STM32CubeCLT_1.16.0/GNU-tools-for-STM32/bin/../lib/gcc/arm-none-eabi/12.3.1/../../../../arm-none-eabi/lib/thumb/v7e-m+dp/hard\libc_nano.a(libc_a-readr.o)
 .data          0x240002e4        0x0 C:/ST/STM32CubeCLT_1.16.0/GNU-tools-for-STM32/bin/../lib/gcc/arm-none-eabi/12.3.1/../../../../arm-none-eabi/lib/thumb/v7e-m+dp/hard\libc_nano.a(libc_a-writer.o)
 .data          0x240002e4        0x0 C:/ST/STM32CubeCLT_1.16.0/GNU-tools-for-STM32/bin/../lib/gcc/arm-none-eabi/12.3.1/../../../../arm-none-eabi/lib/thumb/v7e-m+dp/hard\libc_nano.a(libc_a-init.o)
 .data          0x240002e4        0x0 C:/ST/STM32CubeCLT_1.16.0/GNU-tools-for-STM32/bin/../lib/gcc/arm-none-eabi/12.3.1/../../../../arm-none-eabi/lib/thumb/v7e-m+dp/hard\libc_nano.a(libc_a-lock.o)
 .data          0x240002e4        0x0 C:/ST/STM32CubeCLT_1.16.0/GNU-tools-for-STM32/bin/../lib/gcc/arm-none-eabi/12.3.1/../../../../arm-none-eabi/lib/thumb/v7e-m+dp/hard\libc_nano.a(libc_a-freer.o)
 .data          0x240002e4        0x0 C:/ST/STM32CubeCLT_1.16.0/GNU-tools-for-STM32/bin/../lib/gcc/arm-none-eabi/12.3.1/../../../../arm-none-eabi/lib/thumb/v7e-m+dp/hard\libc_nano.a(libc_a-mallocr.o)
 .data          0x240002e4        0x0 C:/ST/STM32CubeCLT_1.16.0/GNU-tools-for-STM32/bin/../lib/gcc/arm-none-eabi/12.3.1/../../../../arm-none-eabi/lib/thumb/v7e-m+dp/hard\libc_nano.a(libc_a-mlock.o)
 .data          0x240002e4        0x0 C:/ST/STM32CubeCLT_1.16.0/GNU-tools-for-STM32/bin/../lib/gcc/arm-none-eabi/12.3.1/../../../../arm-none-eabi/lib/thumb/v7e-m+dp/hard\libc_nano.a(libc_a-fflush.o)
 .data          0x240002e4        0x0 C:/ST/STM32CubeCLT_1.16.0/GNU-tools-for-STM32/bin/../lib/gcc/arm-none-eabi/12.3.1/../../../../arm-none-eabi/lib/thumb/v7e-m+dp/hard\libc_nano.a(libc_a-sbrkr.o)
 .data          0x240002e4        0x0 CMakeFiles/Nucleo-H723-QSPI-W25Q64.dir/Core/Src/w25q64.c.obj
 .data          0x240002e4        0x0 CMakeFiles/Nucleo-H723-QSPI-W25Q64.dir/Core/Src/Dev_Inf.c.obj
 .data          0x240002e4        0x0 CMakeFiles/Nucleo-H723-QSPI-W25Q64.dir/Core/Src/Loader_Src.c.obj
 .data          0x240002e4        0x0 CMakeFiles/Nucleo-H723-QSPI-W25Q64.dir/Core/Src/main.c.obj
 .data          0x240002e4        0x0 CMakeFiles/Nucleo-H723-QSPI-W25Q64.dir/Core/Src/gpio.c.obj
 .data          0x240002e4        0x0 CMakeFiles/Nucleo-H723-QSPI-W25Q64.dir/Core/Src/memorymap.c.obj
 .data          0x240002e4        0x0 CMakeFiles/Nucleo-H723-QSPI-W25Q64.dir/Core/Src/octospi.c.obj
 .data          0x240002e4        0x0 CMakeFiles/Nucleo-H723-QSPI-W25Q64.dir/Core/Src/usart.c.obj
 .data          0x240002e4        0x0 CMakeFiles/Nucleo-H723-QSPI-W25Q64.dir/Core/Src/stm32h7xx_it.c.obj
 .data          0x240002e4        0x0 CMakeFiles/Nucleo-H723-QSPI-W25Q64.dir/Core/Src/stm32h7xx_hal_msp.c.obj
 .data          0x240002e4        0x0 CMakeFiles/Nucleo-H723-QSPI-W25Q64.dir/Drivers/STM32H7xx_HAL_Driver/Src/stm32h7xx_hal_cortex.c.obj
 .data          0x240002e4        0x0 CMakeFiles/Nucleo-H723-QSPI-W25Q64.dir/Drivers/STM32H7xx_HAL_Driver/Src/stm32h7xx_hal_rcc.c.obj
 .data          0x240002e4        0x0 CMakeFiles/Nucleo-H723-QSPI-W25Q64.dir/Drivers/STM32H7xx_HAL_Driver/Src/stm32h7xx_hal_rcc_ex.c.obj
 .data          0x240002e4        0x0 CMakeFiles/Nucleo-H723-QSPI-W25Q64.dir/Drivers/STM32H7xx_HAL_Driver/Src/stm32h7xx_hal_flash.c.obj
 .data          0x240002e4        0x0 CMakeFiles/Nucleo-H723-QSPI-W25Q64.dir/Drivers/STM32H7xx_HAL_Driver/Src/stm32h7xx_hal_flash_ex.c.obj
 .data          0x240002e4        0x0 CMakeFiles/Nucleo-H723-QSPI-W25Q64.dir/Drivers/STM32H7xx_HAL_Driver/Src/stm32h7xx_hal_gpio.c.obj
 .data          0x240002e4        0x0 CMakeFiles/Nucleo-H723-QSPI-W25Q64.dir/Drivers/STM32H7xx_HAL_Driver/Src/stm32h7xx_hal_hsem.c.obj
 .data          0x240002e4        0x0 CMakeFiles/Nucleo-H723-QSPI-W25Q64.dir/Drivers/STM32H7xx_HAL_Driver/Src/stm32h7xx_hal_dma.c.obj
 .data          0x240002e4        0x0 CMakeFiles/Nucleo-H723-QSPI-W25Q64.dir/Drivers/STM32H7xx_HAL_Driver/Src/stm32h7xx_hal_dma_ex.c.obj
 .data          0x240002e4        0x0 CMakeFiles/Nucleo-H723-QSPI-W25Q64.dir/Drivers/STM32H7xx_HAL_Driver/Src/stm32h7xx_hal_mdma.c.obj
 .data          0x240002e4        0x0 CMakeFiles/Nucleo-H723-QSPI-W25Q64.dir/Drivers/STM32H7xx_HAL_Driver/Src/stm32h7xx_hal_pwr.c.obj
 .data          0x240002e4        0x0 CMakeFiles/Nucleo-H723-QSPI-W25Q64.dir/Drivers/STM32H7xx_HAL_Driver/Src/stm32h7xx_hal_pwr_ex.c.obj
 .data          0x240002e4        0x0 CMakeFiles/Nucleo-H723-QSPI-W25Q64.dir/Drivers/STM32H7xx_HAL_Driver/Src/stm32h7xx_hal.c.obj
 .data          0x240002e4        0x0 CMakeFiles/Nucleo-H723-QSPI-W25Q64.dir/Drivers/STM32H7xx_HAL_Driver/Src/stm32h7xx_hal_i2c.c.obj
 .data          0x240002e4        0x0 CMakeFiles/Nucleo-H723-QSPI-W25Q64.dir/Drivers/STM32H7xx_HAL_Driver/Src/stm32h7xx_hal_i2c_ex.c.obj
 .data          0x240002e4        0x0 CMakeFiles/Nucleo-H723-QSPI-W25Q64.dir/Drivers/STM32H7xx_HAL_Driver/Src/stm32h7xx_hal_exti.c.obj
 .data          0x240002e4        0x0 CMakeFiles/Nucleo-H723-QSPI-W25Q64.dir/Drivers/STM32H7xx_HAL_Driver/Src/stm32h7xx_hal_ospi.c.obj
 .data          0x240002e4        0x0 CMakeFiles/Nucleo-H723-QSPI-W25Q64.dir/Drivers/STM32H7xx_HAL_Driver/Src/stm32h7xx_hal_uart.c.obj
 .data          0x240002e4        0x0 CMakeFiles/Nucleo-H723-QSPI-W25Q64.dir/Drivers/STM32H7xx_HAL_Driver/Src/stm32h7xx_hal_uart_ex.c.obj
 .data          0x240002e4        0x0 CMakeFiles/Nucleo-H723-QSPI-W25Q64.dir/Core/Src/system_stm32h7xx.c.obj
 .data          0x240002e4        0x0 CMakeFiles/Nucleo-H723-QSPI-W25Q64.dir/Core/Src/sysmem.c.obj
 .data          0x240002e4        0x0 CMakeFiles/Nucleo-H723-QSPI-W25Q64.dir/Core/Src/syscalls.c.obj
 .data          0x240002e4        0x0 CMakeFiles/Nucleo-H723-QSPI-W25Q64.dir/startup_stm32h723xx.s.obj
 .data          0x240002e4        0x0 C:/ST/STM32CubeCLT_1.16.0/GNU-tools-for-STM32/bin/../lib/gcc/arm-none-eabi/12.3.1/thumb/v7e-m+dp/hard\libgcc.a(_aeabi_uldivmod.o)
 .data          0x240002e4        0x0 C:/ST/STM32CubeCLT_1.16.0/GNU-tools-for-STM32/bin/../lib/gcc/arm-none-eabi/12.3.1/thumb/v7e-m+dp/hard\libgcc.a(_udivmoddi4.o)
 .data          0x240002e4        0x0 C:/ST/STM32CubeCLT_1.16.0/GNU-tools-for-STM32/bin/../lib/gcc/arm-none-eabi/12.3.1/thumb/v7e-m+dp/hard\libgcc.a(_dvmd_tls.o)
 .data          0x240002e4        0x0 C:/ST/STM32CubeCLT_1.16.0/GNU-tools-for-STM32/bin/../lib/gcc/arm-none-eabi/12.3.1/../../../../arm-none-eabi/lib/thumb/v7e-m+dp/hard\libg_nano.a(libc_a-errno.o)
 .data          0x240002e4        0x0 C:/ST/STM32CubeCLT_1.16.0/GNU-tools-for-STM32/bin/../lib/gcc/arm-none-eabi/12.3.1/thumb/v7e-m+dp/hard/crtend.o
 .data          0x240002e4        0x0 C:/ST/STM32CubeCLT_1.16.0/GNU-tools-for-STM32/bin/../lib/gcc/arm-none-eabi/12.3.1/thumb/v7e-m+dp/hard/crtn.o
 *(.data*)
 .data.__sglue  0x240002e4        0xc C:/ST/STM32CubeCLT_1.16.0/GNU-tools-for-STM32/bin/../lib/gcc/arm-none-eabi/12.3.1/../../../../arm-none-eabi/lib/thumb/v7e-m+dp/hard\libc_nano.a(libc_a-findfp.o)
                0x240002e4                __sglue
 .data._impure_ptr
                0x240002f0        0x4 C:/ST/STM32CubeCLT_1.16.0/GNU-tools-for-STM32/bin/../lib/gcc/arm-none-eabi/12.3.1/../../../../arm-none-eabi/lib/thumb/v7e-m+dp/hard\libc_nano.a(libc_a-impure.o)
                0x240002f0                _impure_ptr
 .data._impure_data
                0x240002f4       0x4c C:/ST/STM32CubeCLT_1.16.0/GNU-tools-for-STM32/bin/../lib/gcc/arm-none-eabi/12.3.1/../../../../arm-none-eabi/lib/thumb/v7e-m+dp/hard\libc_nano.a(libc_a-impure.o)
                0x240002f4                _impure_data
 .data.uwTickPrio
                0x24000340        0x4 CMakeFiles/Nucleo-H723-QSPI-W25Q64.dir/Drivers/STM32H7xx_HAL_Driver/Src/stm32h7xx_hal.c.obj
                0x24000340                uwTickPrio
 .data.uwTickFreq
                0x24000344        0x1 CMakeFiles/Nucleo-H723-QSPI-W25Q64.dir/Drivers/STM32H7xx_HAL_Driver/Src/stm32h7xx_hal.c.obj
                0x24000344                uwTickFreq
 *fill*         0x24000345        0x3 
 .data.SystemCoreClock
                0x24000348        0x4 CMakeFiles/Nucleo-H723-QSPI-W25Q64.dir/Core/Src/system_stm32h7xx.c.obj
                0x24000348                SystemCoreClock
 .data.SystemD2Clock
                0x2400034c        0x4 CMakeFiles/Nucleo-H723-QSPI-W25Q64.dir/Core/Src/system_stm32h7xx.c.obj
                0x2400034c                SystemD2Clock
 .data.environ  0x24000350        0x4 CMakeFiles/Nucleo-H723-QSPI-W25Q64.dir/Core/Src/syscalls.c.obj
                0x24000350                environ
                0x24000354                        . = ALIGN (0x4)
                0x24000354                        _edata = .

.igot.plt       0x24000354        0x0
 .igot.plt      0x24000354        0x0 C:/ST/STM32CubeCLT_1.16.0/GNU-tools-for-STM32/bin/../lib/gcc/arm-none-eabi/12.3.1/thumb/v7e-m+dp/hard/crtbegin.o
                0x24000354                        . = ALIGN (0x4)

.bss            0x24000354      0x284
                0x24000354                        _sbss = .
                0x24000354                        __bss_start__ = _sbss
 *(.bss)
 .bss           0x24000354        0x0 C:/ST/STM32CubeCLT_1.16.0/GNU-tools-for-STM32/bin/../lib/gcc/arm-none-eabi/12.3.1/thumb/v7e-m+dp/hard/crti.o
 .bss           0x24000354       0x1c C:/ST/STM32CubeCLT_1.16.0/GNU-tools-for-STM32/bin/../lib/gcc/arm-none-eabi/12.3.1/thumb/v7e-m+dp/hard/crtbegin.o
 .bss           0x24000370        0x0 C:/ST/STM32CubeCLT_1.16.0/GNU-tools-for-STM32/bin/../lib/gcc/arm-none-eabi/12.3.1/../../../../arm-none-eabi/lib/thumb/v7e-m+dp/hard/crt0.o
 .bss           0x24000370        0x0 C:/ST/STM32CubeCLT_1.16.0/GNU-tools-for-STM32/bin/../lib/gcc/arm-none-eabi/12.3.1/../../../../arm-none-eabi/lib/thumb/v7e-m+dp/hard\libc_nano.a(libc_a-exit.o)
 .bss           0x24000370        0x0 C:/ST/STM32CubeCLT_1.16.0/GNU-tools-for-STM32/bin/../lib/gcc/arm-none-eabi/12.3.1/../../../../arm-none-eabi/lib/thumb/v7e-m+dp/hard\libc_nano.a(libc_a-findfp.o)
 .bss           0x24000370        0x0 C:/ST/STM32CubeCLT_1.16.0/GNU-tools-for-STM32/bin/../lib/gcc/arm-none-eabi/12.3.1/../../../../arm-none-eabi/lib/thumb/v7e-m+dp/hard\libc_nano.a(libc_a-fwalk.o)
 .bss           0x24000370        0x0 C:/ST/STM32CubeCLT_1.16.0/GNU-tools-for-STM32/bin/../lib/gcc/arm-none-eabi/12.3.1/../../../../arm-none-eabi/lib/thumb/v7e-m+dp/hard\libc_nano.a(libc_a-stdio.o)
 .bss           0x24000370        0x0 C:/ST/STM32CubeCLT_1.16.0/GNU-tools-for-STM32/bin/../lib/gcc/arm-none-eabi/12.3.1/../../../../arm-none-eabi/lib/thumb/v7e-m+dp/hard\libc_nano.a(libc_a-memset.o)
 .bss           0x24000370        0x0 C:/ST/STM32CubeCLT_1.16.0/GNU-tools-for-STM32/bin/../lib/gcc/arm-none-eabi/12.3.1/../../../../arm-none-eabi/lib/thumb/v7e-m+dp/hard\libc_nano.a(libc_a-closer.o)
 .bss           0x24000370        0x0 C:/ST/STM32CubeCLT_1.16.0/GNU-tools-for-STM32/bin/../lib/gcc/arm-none-eabi/12.3.1/../../../../arm-none-eabi/lib/thumb/v7e-m+dp/hard\libc_nano.a(libc_a-reent.o)
 .bss           0x24000370        0x0 C:/ST/STM32CubeCLT_1.16.0/GNU-tools-for-STM32/bin/../lib/gcc/arm-none-eabi/12.3.1/../../../../arm-none-eabi/lib/thumb/v7e-m+dp/hard\libc_nano.a(libc_a-impure.o)
 .bss           0x24000370        0x0 C:/ST/STM32CubeCLT_1.16.0/GNU-tools-for-STM32/bin/../lib/gcc/arm-none-eabi/12.3.1/../../../../arm-none-eabi/lib/thumb/v7e-m+dp/hard\libc_nano.a(libc_a-lseekr.o)
 .bss           0x24000370        0x0 C:/ST/STM32CubeCLT_1.16.0/GNU-tools-for-STM32/bin/../lib/gcc/arm-none-eabi/12.3.1/../../../../arm-none-eabi/lib/thumb/v7e-m+dp/hard\libc_nano.a(libc_a-readr.o)
 .bss           0x24000370        0x0 C:/ST/STM32CubeCLT_1.16.0/GNU-tools-for-STM32/bin/../lib/gcc/arm-none-eabi/12.3.1/../../../../arm-none-eabi/lib/thumb/v7e-m+dp/hard\libc_nano.a(libc_a-writer.o)
 .bss           0x24000370        0x0 C:/ST/STM32CubeCLT_1.16.0/GNU-tools-for-STM32/bin/../lib/gcc/arm-none-eabi/12.3.1/../../../../arm-none-eabi/lib/thumb/v7e-m+dp/hard\libc_nano.a(libc_a-init.o)
 .bss           0x24000370        0x0 C:/ST/STM32CubeCLT_1.16.0/GNU-tools-for-STM32/bin/../lib/gcc/arm-none-eabi/12.3.1/../../../../arm-none-eabi/lib/thumb/v7e-m+dp/hard\libc_nano.a(libc_a-lock.o)
 .bss           0x24000370        0x0 C:/ST/STM32CubeCLT_1.16.0/GNU-tools-for-STM32/bin/../lib/gcc/arm-none-eabi/12.3.1/../../../../arm-none-eabi/lib/thumb/v7e-m+dp/hard\libc_nano.a(libc_a-freer.o)
 .bss           0x24000370        0x0 C:/ST/STM32CubeCLT_1.16.0/GNU-tools-for-STM32/bin/../lib/gcc/arm-none-eabi/12.3.1/../../../../arm-none-eabi/lib/thumb/v7e-m+dp/hard\libc_nano.a(libc_a-mallocr.o)
 .bss           0x24000370        0x0 C:/ST/STM32CubeCLT_1.16.0/GNU-tools-for-STM32/bin/../lib/gcc/arm-none-eabi/12.3.1/../../../../arm-none-eabi/lib/thumb/v7e-m+dp/hard\libc_nano.a(libc_a-mlock.o)
 .bss           0x24000370        0x0 C:/ST/STM32CubeCLT_1.16.0/GNU-tools-for-STM32/bin/../lib/gcc/arm-none-eabi/12.3.1/../../../../arm-none-eabi/lib/thumb/v7e-m+dp/hard\libc_nano.a(libc_a-fflush.o)
 .bss           0x24000370        0x0 C:/ST/STM32CubeCLT_1.16.0/GNU-tools-for-STM32/bin/../lib/gcc/arm-none-eabi/12.3.1/../../../../arm-none-eabi/lib/thumb/v7e-m+dp/hard\libc_nano.a(libc_a-sbrkr.o)
 .bss           0x24000370        0x0 CMakeFiles/Nucleo-H723-QSPI-W25Q64.dir/Core/Src/w25q64.c.obj
 .bss           0x24000370        0x0 CMakeFiles/Nucleo-H723-QSPI-W25Q64.dir/Core/Src/Dev_Inf.c.obj
 .bss           0x24000370        0x0 CMakeFiles/Nucleo-H723-QSPI-W25Q64.dir/Core/Src/Loader_Src.c.obj
 .bss           0x24000370        0x0 CMakeFiles/Nucleo-H723-QSPI-W25Q64.dir/Core/Src/main.c.obj
 .bss           0x24000370        0x0 CMakeFiles/Nucleo-H723-QSPI-W25Q64.dir/Core/Src/gpio.c.obj
 .bss           0x24000370        0x0 CMakeFiles/Nucleo-H723-QSPI-W25Q64.dir/Core/Src/memorymap.c.obj
 .bss           0x24000370        0x0 CMakeFiles/Nucleo-H723-QSPI-W25Q64.dir/Core/Src/octospi.c.obj
 .bss           0x24000370        0x0 CMakeFiles/Nucleo-H723-QSPI-W25Q64.dir/Core/Src/usart.c.obj
 .bss           0x24000370        0x0 CMakeFiles/Nucleo-H723-QSPI-W25Q64.dir/Core/Src/stm32h7xx_it.c.obj
 .bss           0x24000370        0x0 CMakeFiles/Nucleo-H723-QSPI-W25Q64.dir/Core/Src/stm32h7xx_hal_msp.c.obj
 .bss           0x24000370        0x0 CMakeFiles/Nucleo-H723-QSPI-W25Q64.dir/Drivers/STM32H7xx_HAL_Driver/Src/stm32h7xx_hal_cortex.c.obj
 .bss           0x24000370        0x0 CMakeFiles/Nucleo-H723-QSPI-W25Q64.dir/Drivers/STM32H7xx_HAL_Driver/Src/stm32h7xx_hal_rcc.c.obj
 .bss           0x24000370        0x0 CMakeFiles/Nucleo-H723-QSPI-W25Q64.dir/Drivers/STM32H7xx_HAL_Driver/Src/stm32h7xx_hal_rcc_ex.c.obj
 .bss           0x24000370        0x0 CMakeFiles/Nucleo-H723-QSPI-W25Q64.dir/Drivers/STM32H7xx_HAL_Driver/Src/stm32h7xx_hal_flash.c.obj
 .bss           0x24000370        0x0 CMakeFiles/Nucleo-H723-QSPI-W25Q64.dir/Drivers/STM32H7xx_HAL_Driver/Src/stm32h7xx_hal_flash_ex.c.obj
 .bss           0x24000370        0x0 CMakeFiles/Nucleo-H723-QSPI-W25Q64.dir/Drivers/STM32H7xx_HAL_Driver/Src/stm32h7xx_hal_gpio.c.obj
 .bss           0x24000370        0x0 CMakeFiles/Nucleo-H723-QSPI-W25Q64.dir/Drivers/STM32H7xx_HAL_Driver/Src/stm32h7xx_hal_hsem.c.obj
 .bss           0x24000370        0x0 CMakeFiles/Nucleo-H723-QSPI-W25Q64.dir/Drivers/STM32H7xx_HAL_Driver/Src/stm32h7xx_hal_dma.c.obj
 .bss           0x24000370        0x0 CMakeFiles/Nucleo-H723-QSPI-W25Q64.dir/Drivers/STM32H7xx_HAL_Driver/Src/stm32h7xx_hal_dma_ex.c.obj
 .bss           0x24000370        0x0 CMakeFiles/Nucleo-H723-QSPI-W25Q64.dir/Drivers/STM32H7xx_HAL_Driver/Src/stm32h7xx_hal_mdma.c.obj
 .bss           0x24000370        0x0 CMakeFiles/Nucleo-H723-QSPI-W25Q64.dir/Drivers/STM32H7xx_HAL_Driver/Src/stm32h7xx_hal_pwr.c.obj
 .bss           0x24000370        0x0 CMakeFiles/Nucleo-H723-QSPI-W25Q64.dir/Drivers/STM32H7xx_HAL_Driver/Src/stm32h7xx_hal_pwr_ex.c.obj
 .bss           0x24000370        0x0 CMakeFiles/Nucleo-H723-QSPI-W25Q64.dir/Drivers/STM32H7xx_HAL_Driver/Src/stm32h7xx_hal.c.obj
 .bss           0x24000370        0x0 CMakeFiles/Nucleo-H723-QSPI-W25Q64.dir/Drivers/STM32H7xx_HAL_Driver/Src/stm32h7xx_hal_i2c.c.obj
 .bss           0x24000370        0x0 CMakeFiles/Nucleo-H723-QSPI-W25Q64.dir/Drivers/STM32H7xx_HAL_Driver/Src/stm32h7xx_hal_i2c_ex.c.obj
 .bss           0x24000370        0x0 CMakeFiles/Nucleo-H723-QSPI-W25Q64.dir/Drivers/STM32H7xx_HAL_Driver/Src/stm32h7xx_hal_exti.c.obj
 .bss           0x24000370        0x0 CMakeFiles/Nucleo-H723-QSPI-W25Q64.dir/Drivers/STM32H7xx_HAL_Driver/Src/stm32h7xx_hal_ospi.c.obj
 .bss           0x24000370        0x0 CMakeFiles/Nucleo-H723-QSPI-W25Q64.dir/Drivers/STM32H7xx_HAL_Driver/Src/stm32h7xx_hal_uart.c.obj
 .bss           0x24000370        0x0 CMakeFiles/Nucleo-H723-QSPI-W25Q64.dir/Drivers/STM32H7xx_HAL_Driver/Src/stm32h7xx_hal_uart_ex.c.obj
 .bss           0x24000370        0x0 CMakeFiles/Nucleo-H723-QSPI-W25Q64.dir/Core/Src/system_stm32h7xx.c.obj
 .bss           0x24000370        0x0 CMakeFiles/Nucleo-H723-QSPI-W25Q64.dir/Core/Src/sysmem.c.obj
 .bss           0x24000370        0x0 CMakeFiles/Nucleo-H723-QSPI-W25Q64.dir/Core/Src/syscalls.c.obj
 .bss           0x24000370        0x0 CMakeFiles/Nucleo-H723-QSPI-W25Q64.dir/startup_stm32h723xx.s.obj
 .bss           0x24000370        0x0 C:/ST/STM32CubeCLT_1.16.0/GNU-tools-for-STM32/bin/../lib/gcc/arm-none-eabi/12.3.1/thumb/v7e-m+dp/hard\libgcc.a(_aeabi_uldivmod.o)
 .bss           0x24000370        0x0 C:/ST/STM32CubeCLT_1.16.0/GNU-tools-for-STM32/bin/../lib/gcc/arm-none-eabi/12.3.1/thumb/v7e-m+dp/hard\libgcc.a(_udivmoddi4.o)
 .bss           0x24000370        0x0 C:/ST/STM32CubeCLT_1.16.0/GNU-tools-for-STM32/bin/../lib/gcc/arm-none-eabi/12.3.1/thumb/v7e-m+dp/hard\libgcc.a(_dvmd_tls.o)
 .bss           0x24000370        0x0 C:/ST/STM32CubeCLT_1.16.0/GNU-tools-for-STM32/bin/../lib/gcc/arm-none-eabi/12.3.1/../../../../arm-none-eabi/lib/thumb/v7e-m+dp/hard\libg_nano.a(libc_a-errno.o)
 .bss           0x24000370        0x0 C:/ST/STM32CubeCLT_1.16.0/GNU-tools-for-STM32/bin/../lib/gcc/arm-none-eabi/12.3.1/thumb/v7e-m+dp/hard/crtend.o
 .bss           0x24000370        0x0 C:/ST/STM32CubeCLT_1.16.0/GNU-tools-for-STM32/bin/../lib/gcc/arm-none-eabi/12.3.1/thumb/v7e-m+dp/hard/crtn.o
 *(.bss*)
 .bss.__sf      0x24000370      0x138 C:/ST/STM32CubeCLT_1.16.0/GNU-tools-for-STM32/bin/../lib/gcc/arm-none-eabi/12.3.1/../../../../arm-none-eabi/lib/thumb/v7e-m+dp/hard\libc_nano.a(libc_a-findfp.o)
                0x24000370                __sf
 .bss.__stdio_exit_handler
                0x240004a8        0x4 C:/ST/STM32CubeCLT_1.16.0/GNU-tools-for-STM32/bin/../lib/gcc/arm-none-eabi/12.3.1/../../../../arm-none-eabi/lib/thumb/v7e-m+dp/hard\libc_nano.a(libc_a-findfp.o)
                0x240004a8                __stdio_exit_handler
 .bss.errno     0x240004ac        0x4 C:/ST/STM32CubeCLT_1.16.0/GNU-tools-for-STM32/bin/../lib/gcc/arm-none-eabi/12.3.1/../../../../arm-none-eabi/lib/thumb/v7e-m+dp/hard\libc_nano.a(libc_a-reent.o)
                0x240004ac                errno
 .bss.__lock___arc4random_mutex
                0x240004b0        0x1 C:/ST/STM32CubeCLT_1.16.0/GNU-tools-for-STM32/bin/../lib/gcc/arm-none-eabi/12.3.1/../../../../arm-none-eabi/lib/thumb/v7e-m+dp/hard\libc_nano.a(libc_a-lock.o)
                0x240004b0                __lock___arc4random_mutex
 .bss.__lock___dd_hash_mutex
                0x240004b1        0x1 C:/ST/STM32CubeCLT_1.16.0/GNU-tools-for-STM32/bin/../lib/gcc/arm-none-eabi/12.3.1/../../../../arm-none-eabi/lib/thumb/v7e-m+dp/hard\libc_nano.a(libc_a-lock.o)
                0x240004b1                __lock___dd_hash_mutex
 .bss.__lock___tz_mutex
                0x240004b2        0x1 C:/ST/STM32CubeCLT_1.16.0/GNU-tools-for-STM32/bin/../lib/gcc/arm-none-eabi/12.3.1/../../../../arm-none-eabi/lib/thumb/v7e-m+dp/hard\libc_nano.a(libc_a-lock.o)
                0x240004b2                __lock___tz_mutex
 .bss.__lock___env_recursive_mutex
                0x240004b3        0x1 C:/ST/STM32CubeCLT_1.16.0/GNU-tools-for-STM32/bin/../lib/gcc/arm-none-eabi/12.3.1/../../../../arm-none-eabi/lib/thumb/v7e-m+dp/hard\libc_nano.a(libc_a-lock.o)
                0x240004b3                __lock___env_recursive_mutex
 .bss.__lock___malloc_recursive_mutex
                0x240004b4        0x1 C:/ST/STM32CubeCLT_1.16.0/GNU-tools-for-STM32/bin/../lib/gcc/arm-none-eabi/12.3.1/../../../../arm-none-eabi/lib/thumb/v7e-m+dp/hard\libc_nano.a(libc_a-lock.o)
                0x240004b4                __lock___malloc_recursive_mutex
 .bss.__lock___at_quick_exit_mutex
                0x240004b5        0x1 C:/ST/STM32CubeCLT_1.16.0/GNU-tools-for-STM32/bin/../lib/gcc/arm-none-eabi/12.3.1/../../../../arm-none-eabi/lib/thumb/v7e-m+dp/hard\libc_nano.a(libc_a-lock.o)
                0x240004b5                __lock___at_quick_exit_mutex
 .bss.__lock___atexit_recursive_mutex
                0x240004b6        0x1 C:/ST/STM32CubeCLT_1.16.0/GNU-tools-for-STM32/bin/../lib/gcc/arm-none-eabi/12.3.1/../../../../arm-none-eabi/lib/thumb/v7e-m+dp/hard\libc_nano.a(libc_a-lock.o)
                0x240004b6                __lock___atexit_recursive_mutex
 .bss.__lock___sfp_recursive_mutex
                0x240004b7        0x1 C:/ST/STM32CubeCLT_1.16.0/GNU-tools-for-STM32/bin/../lib/gcc/arm-none-eabi/12.3.1/../../../../arm-none-eabi/lib/thumb/v7e-m+dp/hard\libc_nano.a(libc_a-lock.o)
                0x240004b7                __lock___sfp_recursive_mutex
 .bss.__malloc_sbrk_start
                0x240004b8        0x4 C:/ST/STM32CubeCLT_1.16.0/GNU-tools-for-STM32/bin/../lib/gcc/arm-none-eabi/12.3.1/../../../../arm-none-eabi/lib/thumb/v7e-m+dp/hard\libc_nano.a(libc_a-mallocr.o)
                0x240004b8                __malloc_sbrk_start
 .bss.__malloc_free_list
                0x240004bc        0x4 C:/ST/STM32CubeCLT_1.16.0/GNU-tools-for-STM32/bin/../lib/gcc/arm-none-eabi/12.3.1/../../../../arm-none-eabi/lib/thumb/v7e-m+dp/hard\libc_nano.a(libc_a-mallocr.o)
                0x240004bc                __malloc_free_list
 .bss.hospi1    0x240004c0       0x5c CMakeFiles/Nucleo-H723-QSPI-W25Q64.dir/Core/Src/octospi.c.obj
                0x240004c0                hospi1
 .bss.huart3    0x2400051c       0x94 CMakeFiles/Nucleo-H723-QSPI-W25Q64.dir/Core/Src/usart.c.obj
                0x2400051c                huart3
 .bss.pFlash    0x240005b0       0x1c CMakeFiles/Nucleo-H723-QSPI-W25Q64.dir/Drivers/STM32H7xx_HAL_Driver/Src/stm32h7xx_hal_flash.c.obj
                0x240005b0                pFlash
 .bss.uwTick    0x240005cc        0x4 CMakeFiles/Nucleo-H723-QSPI-W25Q64.dir/Drivers/STM32H7xx_HAL_Driver/Src/stm32h7xx_hal.c.obj
                0x240005cc                uwTick
 .bss.__sbrk_heap_end
                0x240005d0        0x4 CMakeFiles/Nucleo-H723-QSPI-W25Q64.dir/Core/Src/sysmem.c.obj
 .bss.__env     0x240005d4        0x4 CMakeFiles/Nucleo-H723-QSPI-W25Q64.dir/Core/Src/syscalls.c.obj
                0x240005d4                __env
 *(COMMON)
                0x240005d8                        . = ALIGN (0x4)
                0x240005d8                        _ebss = .
                0x240005d8                        __bss_end__ = _ebss

.text           0x240005d8    0x1e7dc
                0x240005d8                        . = ALIGN (0x4)
 *(.text)
 .text          0x240005d8        0x0 C:/ST/STM32CubeCLT_1.16.0/GNU-tools-for-STM32/bin/../lib/gcc/arm-none-eabi/12.3.1/thumb/v7e-m+dp/hard/crti.o
 .text          0x240005d8       0x40 C:/ST/STM32CubeCLT_1.16.0/GNU-tools-for-STM32/bin/../lib/gcc/arm-none-eabi/12.3.1/thumb/v7e-m+dp/hard/crtbegin.o
 .text          0x24000618       0x7c C:/ST/STM32CubeCLT_1.16.0/GNU-tools-for-STM32/bin/../lib/gcc/arm-none-eabi/12.3.1/../../../../arm-none-eabi/lib/thumb/v7e-m+dp/hard/crt0.o
                0x24000618                _stack_init
                0x24000620                _start
                0x24000620                _mainCRTStartup
 .text          0x24000694        0x0 C:/ST/STM32CubeCLT_1.16.0/GNU-tools-for-STM32/bin/../lib/gcc/arm-none-eabi/12.3.1/../../../../arm-none-eabi/lib/thumb/v7e-m+dp/hard\libc_nano.a(libc_a-exit.o)
 .text          0x24000694        0x0 C:/ST/STM32CubeCLT_1.16.0/GNU-tools-for-STM32/bin/../lib/gcc/arm-none-eabi/12.3.1/../../../../arm-none-eabi/lib/thumb/v7e-m+dp/hard\libc_nano.a(libc_a-findfp.o)
 .text          0x24000694        0x0 C:/ST/STM32CubeCLT_1.16.0/GNU-tools-for-STM32/bin/../lib/gcc/arm-none-eabi/12.3.1/../../../../arm-none-eabi/lib/thumb/v7e-m+dp/hard\libc_nano.a(libc_a-fwalk.o)
 .text          0x24000694        0x0 C:/ST/STM32CubeCLT_1.16.0/GNU-tools-for-STM32/bin/../lib/gcc/arm-none-eabi/12.3.1/../../../../arm-none-eabi/lib/thumb/v7e-m+dp/hard\libc_nano.a(libc_a-stdio.o)
 .text          0x24000694        0x0 C:/ST/STM32CubeCLT_1.16.0/GNU-tools-for-STM32/bin/../lib/gcc/arm-none-eabi/12.3.1/../../../../arm-none-eabi/lib/thumb/v7e-m+dp/hard\libc_nano.a(libc_a-memset.o)
 .text          0x24000694        0x0 C:/ST/STM32CubeCLT_1.16.0/GNU-tools-for-STM32/bin/../lib/gcc/arm-none-eabi/12.3.1/../../../../arm-none-eabi/lib/thumb/v7e-m+dp/hard\libc_nano.a(libc_a-closer.o)
 .text          0x24000694        0x0 C:/ST/STM32CubeCLT_1.16.0/GNU-tools-for-STM32/bin/../lib/gcc/arm-none-eabi/12.3.1/../../../../arm-none-eabi/lib/thumb/v7e-m+dp/hard\libc_nano.a(libc_a-reent.o)
 .text          0x24000694        0x0 C:/ST/STM32CubeCLT_1.16.0/GNU-tools-for-STM32/bin/../lib/gcc/arm-none-eabi/12.3.1/../../../../arm-none-eabi/lib/thumb/v7e-m+dp/hard\libc_nano.a(libc_a-impure.o)
 .text          0x24000694        0x0 C:/ST/STM32CubeCLT_1.16.0/GNU-tools-for-STM32/bin/../lib/gcc/arm-none-eabi/12.3.1/../../../../arm-none-eabi/lib/thumb/v7e-m+dp/hard\libc_nano.a(libc_a-lseekr.o)
 .text          0x24000694        0x0 C:/ST/STM32CubeCLT_1.16.0/GNU-tools-for-STM32/bin/../lib/gcc/arm-none-eabi/12.3.1/../../../../arm-none-eabi/lib/thumb/v7e-m+dp/hard\libc_nano.a(libc_a-readr.o)
 .text          0x24000694        0x0 C:/ST/STM32CubeCLT_1.16.0/GNU-tools-for-STM32/bin/../lib/gcc/arm-none-eabi/12.3.1/../../../../arm-none-eabi/lib/thumb/v7e-m+dp/hard\libc_nano.a(libc_a-writer.o)
 .text          0x24000694        0x0 C:/ST/STM32CubeCLT_1.16.0/GNU-tools-for-STM32/bin/../lib/gcc/arm-none-eabi/12.3.1/../../../../arm-none-eabi/lib/thumb/v7e-m+dp/hard\libc_nano.a(libc_a-init.o)
 .text          0x24000694        0x0 C:/ST/STM32CubeCLT_1.16.0/GNU-tools-for-STM32/bin/../lib/gcc/arm-none-eabi/12.3.1/../../../../arm-none-eabi/lib/thumb/v7e-m+dp/hard\libc_nano.a(libc_a-lock.o)
 .text          0x24000694        0x0 C:/ST/STM32CubeCLT_1.16.0/GNU-tools-for-STM32/bin/../lib/gcc/arm-none-eabi/12.3.1/../../../../arm-none-eabi/lib/thumb/v7e-m+dp/hard\libc_nano.a(libc_a-freer.o)
 .text          0x24000694        0x0 C:/ST/STM32CubeCLT_1.16.0/GNU-tools-for-STM32/bin/../lib/gcc/arm-none-eabi/12.3.1/../../../../arm-none-eabi/lib/thumb/v7e-m+dp/hard\libc_nano.a(libc_a-mallocr.o)
 .text          0x24000694        0x0 C:/ST/STM32CubeCLT_1.16.0/GNU-tools-for-STM32/bin/../lib/gcc/arm-none-eabi/12.3.1/../../../../arm-none-eabi/lib/thumb/v7e-m+dp/hard\libc_nano.a(libc_a-mlock.o)
 .text          0x24000694        0x0 C:/ST/STM32CubeCLT_1.16.0/GNU-tools-for-STM32/bin/../lib/gcc/arm-none-eabi/12.3.1/../../../../arm-none-eabi/lib/thumb/v7e-m+dp/hard\libc_nano.a(libc_a-fflush.o)
 .text          0x24000694        0x0 C:/ST/STM32CubeCLT_1.16.0/GNU-tools-for-STM32/bin/../lib/gcc/arm-none-eabi/12.3.1/../../../../arm-none-eabi/lib/thumb/v7e-m+dp/hard\libc_nano.a(libc_a-sbrkr.o)
 .text          0x24000694        0x0 CMakeFiles/Nucleo-H723-QSPI-W25Q64.dir/Core/Src/w25q64.c.obj
 .text          0x24000694        0x0 CMakeFiles/Nucleo-H723-QSPI-W25Q64.dir/Core/Src/Dev_Inf.c.obj
 .text          0x24000694        0x0 CMakeFiles/Nucleo-H723-QSPI-W25Q64.dir/Core/Src/Loader_Src.c.obj
 .text          0x24000694        0x0 CMakeFiles/Nucleo-H723-QSPI-W25Q64.dir/Core/Src/main.c.obj
 .text          0x24000694        0x0 CMakeFiles/Nucleo-H723-QSPI-W25Q64.dir/Core/Src/gpio.c.obj
 .text          0x24000694        0x0 CMakeFiles/Nucleo-H723-QSPI-W25Q64.dir/Core/Src/memorymap.c.obj
 .text          0x24000694        0x0 CMakeFiles/Nucleo-H723-QSPI-W25Q64.dir/Core/Src/octospi.c.obj
 .text          0x24000694        0x0 CMakeFiles/Nucleo-H723-QSPI-W25Q64.dir/Core/Src/usart.c.obj
 .text          0x24000694        0x0 CMakeFiles/Nucleo-H723-QSPI-W25Q64.dir/Core/Src/stm32h7xx_it.c.obj
 .text          0x24000694        0x0 CMakeFiles/Nucleo-H723-QSPI-W25Q64.dir/Core/Src/stm32h7xx_hal_msp.c.obj
 .text          0x24000694        0x0 CMakeFiles/Nucleo-H723-QSPI-W25Q64.dir/Drivers/STM32H7xx_HAL_Driver/Src/stm32h7xx_hal_cortex.c.obj
 .text          0x24000694        0x0 CMakeFiles/Nucleo-H723-QSPI-W25Q64.dir/Drivers/STM32H7xx_HAL_Driver/Src/stm32h7xx_hal_rcc.c.obj
 .text          0x24000694        0x0 CMakeFiles/Nucleo-H723-QSPI-W25Q64.dir/Drivers/STM32H7xx_HAL_Driver/Src/stm32h7xx_hal_rcc_ex.c.obj
 .text          0x24000694        0x0 CMakeFiles/Nucleo-H723-QSPI-W25Q64.dir/Drivers/STM32H7xx_HAL_Driver/Src/stm32h7xx_hal_flash.c.obj
 .text          0x24000694        0x0 CMakeFiles/Nucleo-H723-QSPI-W25Q64.dir/Drivers/STM32H7xx_HAL_Driver/Src/stm32h7xx_hal_flash_ex.c.obj
 .text          0x24000694        0x0 CMakeFiles/Nucleo-H723-QSPI-W25Q64.dir/Drivers/STM32H7xx_HAL_Driver/Src/stm32h7xx_hal_gpio.c.obj
 .text          0x24000694        0x0 CMakeFiles/Nucleo-H723-QSPI-W25Q64.dir/Drivers/STM32H7xx_HAL_Driver/Src/stm32h7xx_hal_hsem.c.obj
 .text          0x24000694        0x0 CMakeFiles/Nucleo-H723-QSPI-W25Q64.dir/Drivers/STM32H7xx_HAL_Driver/Src/stm32h7xx_hal_dma.c.obj
 .text          0x24000694        0x0 CMakeFiles/Nucleo-H723-QSPI-W25Q64.dir/Drivers/STM32H7xx_HAL_Driver/Src/stm32h7xx_hal_dma_ex.c.obj
 .text          0x24000694        0x0 CMakeFiles/Nucleo-H723-QSPI-W25Q64.dir/Drivers/STM32H7xx_HAL_Driver/Src/stm32h7xx_hal_mdma.c.obj
 .text          0x24000694        0x0 CMakeFiles/Nucleo-H723-QSPI-W25Q64.dir/Drivers/STM32H7xx_HAL_Driver/Src/stm32h7xx_hal_pwr.c.obj
 .text          0x24000694        0x0 CMakeFiles/Nucleo-H723-QSPI-W25Q64.dir/Drivers/STM32H7xx_HAL_Driver/Src/stm32h7xx_hal_pwr_ex.c.obj
 .text          0x24000694        0x0 CMakeFiles/Nucleo-H723-QSPI-W25Q64.dir/Drivers/STM32H7xx_HAL_Driver/Src/stm32h7xx_hal.c.obj
 .text          0x24000694        0x0 CMakeFiles/Nucleo-H723-QSPI-W25Q64.dir/Drivers/STM32H7xx_HAL_Driver/Src/stm32h7xx_hal_i2c.c.obj
 .text          0x24000694        0x0 CMakeFiles/Nucleo-H723-QSPI-W25Q64.dir/Drivers/STM32H7xx_HAL_Driver/Src/stm32h7xx_hal_i2c_ex.c.obj
 .text          0x24000694        0x0 CMakeFiles/Nucleo-H723-QSPI-W25Q64.dir/Drivers/STM32H7xx_HAL_Driver/Src/stm32h7xx_hal_exti.c.obj
 .text          0x24000694        0x0 CMakeFiles/Nucleo-H723-QSPI-W25Q64.dir/Drivers/STM32H7xx_HAL_Driver/Src/stm32h7xx_hal_ospi.c.obj
 .text          0x24000694        0x0 CMakeFiles/Nucleo-H723-QSPI-W25Q64.dir/Drivers/STM32H7xx_HAL_Driver/Src/stm32h7xx_hal_uart.c.obj
 .text          0x24000694        0x0 CMakeFiles/Nucleo-H723-QSPI-W25Q64.dir/Drivers/STM32H7xx_HAL_Driver/Src/stm32h7xx_hal_uart_ex.c.obj
 .text          0x24000694        0x0 CMakeFiles/Nucleo-H723-QSPI-W25Q64.dir/Core/Src/system_stm32h7xx.c.obj
 .text          0x24000694        0x0 CMakeFiles/Nucleo-H723-QSPI-W25Q64.dir/Core/Src/sysmem.c.obj
 .text          0x24000694        0x0 CMakeFiles/Nucleo-H723-QSPI-W25Q64.dir/Core/Src/syscalls.c.obj
 .text          0x24000694       0x14 CMakeFiles/Nucleo-H723-QSPI-W25Q64.dir/startup_stm32h723xx.s.obj
 .text          0x240006a8       0x30 C:/ST/STM32CubeCLT_1.16.0/GNU-tools-for-STM32/bin/../lib/gcc/arm-none-eabi/12.3.1/thumb/v7e-m+dp/hard\libgcc.a(_aeabi_uldivmod.o)
                0x240006a8                __aeabi_uldivmod
 .text          0x240006d8      0x2bc C:/ST/STM32CubeCLT_1.16.0/GNU-tools-for-STM32/bin/../lib/gcc/arm-none-eabi/12.3.1/thumb/v7e-m+dp/hard\libgcc.a(_udivmoddi4.o)
                0x240006d8                __udivmoddi4
 .text          0x24000994        0x4 C:/ST/STM32CubeCLT_1.16.0/GNU-tools-for-STM32/bin/../lib/gcc/arm-none-eabi/12.3.1/thumb/v7e-m+dp/hard\libgcc.a(_dvmd_tls.o)
                0x24000994                __aeabi_idiv0
                0x24000994                __aeabi_ldiv0
 .text          0x24000998        0x0 C:/ST/STM32CubeCLT_1.16.0/GNU-tools-for-STM32/bin/../lib/gcc/arm-none-eabi/12.3.1/../../../../arm-none-eabi/lib/thumb/v7e-m+dp/hard\libg_nano.a(libc_a-errno.o)
 .text          0x24000998        0x0 C:/ST/STM32CubeCLT_1.16.0/GNU-tools-for-STM32/bin/../lib/gcc/arm-none-eabi/12.3.1/thumb/v7e-m+dp/hard/crtend.o
 .text          0x24000998        0x0 C:/ST/STM32CubeCLT_1.16.0/GNU-tools-for-STM32/bin/../lib/gcc/arm-none-eabi/12.3.1/thumb/v7e-m+dp/hard/crtn.o
 *(.text*)
 .text.exit     0x24000998       0x24 C:/ST/STM32CubeCLT_1.16.0/GNU-tools-for-STM32/bin/../lib/gcc/arm-none-eabi/12.3.1/../../../../arm-none-eabi/lib/thumb/v7e-m+dp/hard\libc_nano.a(libc_a-exit.o)
                0x24000998                exit
 .text.std      0x240009bc       0x6c C:/ST/STM32CubeCLT_1.16.0/GNU-tools-for-STM32/bin/../lib/gcc/arm-none-eabi/12.3.1/../../../../arm-none-eabi/lib/thumb/v7e-m+dp/hard\libc_nano.a(libc_a-findfp.o)
 .text.stdio_exit_handler
                0x24000a28       0x18 C:/ST/STM32CubeCLT_1.16.0/GNU-tools-for-STM32/bin/../lib/gcc/arm-none-eabi/12.3.1/../../../../arm-none-eabi/lib/thumb/v7e-m+dp/hard\libc_nano.a(libc_a-findfp.o)
 .text.cleanup_stdio
                0x24000a40       0x40 C:/ST/STM32CubeCLT_1.16.0/GNU-tools-for-STM32/bin/../lib/gcc/arm-none-eabi/12.3.1/../../../../arm-none-eabi/lib/thumb/v7e-m+dp/hard\libc_nano.a(libc_a-findfp.o)
 .text.__fp_lock
                0x24000a80       0x18 C:/ST/STM32CubeCLT_1.16.0/GNU-tools-for-STM32/bin/../lib/gcc/arm-none-eabi/12.3.1/../../../../arm-none-eabi/lib/thumb/v7e-m+dp/hard\libc_nano.a(libc_a-findfp.o)
 .text.__fp_unlock
                0x24000a98       0x18 C:/ST/STM32CubeCLT_1.16.0/GNU-tools-for-STM32/bin/../lib/gcc/arm-none-eabi/12.3.1/../../../../arm-none-eabi/lib/thumb/v7e-m+dp/hard\libc_nano.a(libc_a-findfp.o)
 .text.global_stdio_init.part.0
                0x24000ab0       0x3c C:/ST/STM32CubeCLT_1.16.0/GNU-tools-for-STM32/bin/../lib/gcc/arm-none-eabi/12.3.1/../../../../arm-none-eabi/lib/thumb/v7e-m+dp/hard\libc_nano.a(libc_a-findfp.o)
 .text.__sfp_lock_acquire
                0x24000aec        0xc C:/ST/STM32CubeCLT_1.16.0/GNU-tools-for-STM32/bin/../lib/gcc/arm-none-eabi/12.3.1/../../../../arm-none-eabi/lib/thumb/v7e-m+dp/hard\libc_nano.a(libc_a-findfp.o)
                0x24000aec                __sfp_lock_acquire
 .text.__sfp_lock_release
                0x24000af8        0xc C:/ST/STM32CubeCLT_1.16.0/GNU-tools-for-STM32/bin/../lib/gcc/arm-none-eabi/12.3.1/../../../../arm-none-eabi/lib/thumb/v7e-m+dp/hard\libc_nano.a(libc_a-findfp.o)
                0x24000af8                __sfp_lock_release
 .text.__sfp    0x24000b04       0xa4 C:/ST/STM32CubeCLT_1.16.0/GNU-tools-for-STM32/bin/../lib/gcc/arm-none-eabi/12.3.1/../../../../arm-none-eabi/lib/thumb/v7e-m+dp/hard\libc_nano.a(libc_a-findfp.o)
                0x24000b04                __sfp
 .text.__sinit  0x24000ba8       0x30 C:/ST/STM32CubeCLT_1.16.0/GNU-tools-for-STM32/bin/../lib/gcc/arm-none-eabi/12.3.1/../../../../arm-none-eabi/lib/thumb/v7e-m+dp/hard\libc_nano.a(libc_a-findfp.o)
                0x24000ba8                __sinit
 .text.__fp_lock_all
                0x24000bd8       0x1c C:/ST/STM32CubeCLT_1.16.0/GNU-tools-for-STM32/bin/../lib/gcc/arm-none-eabi/12.3.1/../../../../arm-none-eabi/lib/thumb/v7e-m+dp/hard\libc_nano.a(libc_a-findfp.o)
                0x24000bd8                __fp_lock_all
 .text.__fp_unlock_all
                0x24000bf4       0x1c C:/ST/STM32CubeCLT_1.16.0/GNU-tools-for-STM32/bin/../lib/gcc/arm-none-eabi/12.3.1/../../../../arm-none-eabi/lib/thumb/v7e-m+dp/hard\libc_nano.a(libc_a-findfp.o)
                0x24000bf4                __fp_unlock_all
 .text._fwalk_sglue
                0x24000c10       0x3c C:/ST/STM32CubeCLT_1.16.0/GNU-tools-for-STM32/bin/../lib/gcc/arm-none-eabi/12.3.1/../../../../arm-none-eabi/lib/thumb/v7e-m+dp/hard\libc_nano.a(libc_a-fwalk.o)
                0x24000c10                _fwalk_sglue
 .text.__sread  0x24000c4c       0x22 C:/ST/STM32CubeCLT_1.16.0/GNU-tools-for-STM32/bin/../lib/gcc/arm-none-eabi/12.3.1/../../../../arm-none-eabi/lib/thumb/v7e-m+dp/hard\libc_nano.a(libc_a-stdio.o)
                0x24000c4c                __sread
 .text.__seofread
                0x24000c6e        0x4 C:/ST/STM32CubeCLT_1.16.0/GNU-tools-for-STM32/bin/../lib/gcc/arm-none-eabi/12.3.1/../../../../arm-none-eabi/lib/thumb/v7e-m+dp/hard\libc_nano.a(libc_a-stdio.o)
                0x24000c6e                __seofread
 .text.__swrite
                0x24000c72       0x38 C:/ST/STM32CubeCLT_1.16.0/GNU-tools-for-STM32/bin/../lib/gcc/arm-none-eabi/12.3.1/../../../../arm-none-eabi/lib/thumb/v7e-m+dp/hard\libc_nano.a(libc_a-stdio.o)
                0x24000c72                __swrite
 .text.__sseek  0x24000caa       0x24 C:/ST/STM32CubeCLT_1.16.0/GNU-tools-for-STM32/bin/../lib/gcc/arm-none-eabi/12.3.1/../../../../arm-none-eabi/lib/thumb/v7e-m+dp/hard\libc_nano.a(libc_a-stdio.o)
                0x24000caa                __sseek
 .text.__sclose
                0x24000cce        0x8 C:/ST/STM32CubeCLT_1.16.0/GNU-tools-for-STM32/bin/../lib/gcc/arm-none-eabi/12.3.1/../../../../arm-none-eabi/lib/thumb/v7e-m+dp/hard\libc_nano.a(libc_a-stdio.o)
                0x24000cce                __sclose
 .text.memset   0x24000cd6       0x10 C:/ST/STM32CubeCLT_1.16.0/GNU-tools-for-STM32/bin/../lib/gcc/arm-none-eabi/12.3.1/../../../../arm-none-eabi/lib/thumb/v7e-m+dp/hard\libc_nano.a(libc_a-memset.o)
                0x24000cd6                memset
 *fill*         0x24000ce6        0x2 
 .text._close_r
                0x24000ce8       0x20 C:/ST/STM32CubeCLT_1.16.0/GNU-tools-for-STM32/bin/../lib/gcc/arm-none-eabi/12.3.1/../../../../arm-none-eabi/lib/thumb/v7e-m+dp/hard\libc_nano.a(libc_a-closer.o)
                0x24000ce8                _close_r
 .text._reclaim_reent
                0x24000d08       0xac C:/ST/STM32CubeCLT_1.16.0/GNU-tools-for-STM32/bin/../lib/gcc/arm-none-eabi/12.3.1/../../../../arm-none-eabi/lib/thumb/v7e-m+dp/hard\libc_nano.a(libc_a-reent.o)
                0x24000d08                _reclaim_reent
 .text._lseek_r
                0x24000db4       0x24 C:/ST/STM32CubeCLT_1.16.0/GNU-tools-for-STM32/bin/../lib/gcc/arm-none-eabi/12.3.1/../../../../arm-none-eabi/lib/thumb/v7e-m+dp/hard\libc_nano.a(libc_a-lseekr.o)
                0x24000db4                _lseek_r
 .text._read_r  0x24000dd8       0x24 C:/ST/STM32CubeCLT_1.16.0/GNU-tools-for-STM32/bin/../lib/gcc/arm-none-eabi/12.3.1/../../../../arm-none-eabi/lib/thumb/v7e-m+dp/hard\libc_nano.a(libc_a-readr.o)
                0x24000dd8                _read_r
 .text._write_r
                0x24000dfc       0x24 C:/ST/STM32CubeCLT_1.16.0/GNU-tools-for-STM32/bin/../lib/gcc/arm-none-eabi/12.3.1/../../../../arm-none-eabi/lib/thumb/v7e-m+dp/hard\libc_nano.a(libc_a-writer.o)
                0x24000dfc                _write_r
 .text.__libc_init_array
                0x24000e20       0x48 C:/ST/STM32CubeCLT_1.16.0/GNU-tools-for-STM32/bin/../lib/gcc/arm-none-eabi/12.3.1/../../../../arm-none-eabi/lib/thumb/v7e-m+dp/hard\libc_nano.a(libc_a-init.o)
                0x24000e20                __libc_init_array
 .text.__retarget_lock_init
                0x24000e68        0x2 C:/ST/STM32CubeCLT_1.16.0/GNU-tools-for-STM32/bin/../lib/gcc/arm-none-eabi/12.3.1/../../../../arm-none-eabi/lib/thumb/v7e-m+dp/hard\libc_nano.a(libc_a-lock.o)
                0x24000e68                __retarget_lock_init
 .text.__retarget_lock_init_recursive
                0x24000e6a        0x2 C:/ST/STM32CubeCLT_1.16.0/GNU-tools-for-STM32/bin/../lib/gcc/arm-none-eabi/12.3.1/../../../../arm-none-eabi/lib/thumb/v7e-m+dp/hard\libc_nano.a(libc_a-lock.o)
                0x24000e6a                __retarget_lock_init_recursive
 .text.__retarget_lock_close
                0x24000e6c        0x2 C:/ST/STM32CubeCLT_1.16.0/GNU-tools-for-STM32/bin/../lib/gcc/arm-none-eabi/12.3.1/../../../../arm-none-eabi/lib/thumb/v7e-m+dp/hard\libc_nano.a(libc_a-lock.o)
                0x24000e6c                __retarget_lock_close
 .text.__retarget_lock_close_recursive
                0x24000e6e        0x2 C:/ST/STM32CubeCLT_1.16.0/GNU-tools-for-STM32/bin/../lib/gcc/arm-none-eabi/12.3.1/../../../../arm-none-eabi/lib/thumb/v7e-m+dp/hard\libc_nano.a(libc_a-lock.o)
                0x24000e6e                __retarget_lock_close_recursive
 .text.__retarget_lock_acquire
                0x24000e70        0x2 C:/ST/STM32CubeCLT_1.16.0/GNU-tools-for-STM32/bin/../lib/gcc/arm-none-eabi/12.3.1/../../../../arm-none-eabi/lib/thumb/v7e-m+dp/hard\libc_nano.a(libc_a-lock.o)
                0x24000e70                __retarget_lock_acquire
 .text.__retarget_lock_acquire_recursive
                0x24000e72        0x2 C:/ST/STM32CubeCLT_1.16.0/GNU-tools-for-STM32/bin/../lib/gcc/arm-none-eabi/12.3.1/../../../../arm-none-eabi/lib/thumb/v7e-m+dp/hard\libc_nano.a(libc_a-lock.o)
                0x24000e72                __retarget_lock_acquire_recursive
 .text.__retarget_lock_try_acquire
                0x24000e74        0x4 C:/ST/STM32CubeCLT_1.16.0/GNU-tools-for-STM32/bin/../lib/gcc/arm-none-eabi/12.3.1/../../../../arm-none-eabi/lib/thumb/v7e-m+dp/hard\libc_nano.a(libc_a-lock.o)
                0x24000e74                __retarget_lock_try_acquire
 .text.__retarget_lock_try_acquire_recursive
                0x24000e78        0x4 C:/ST/STM32CubeCLT_1.16.0/GNU-tools-for-STM32/bin/../lib/gcc/arm-none-eabi/12.3.1/../../../../arm-none-eabi/lib/thumb/v7e-m+dp/hard\libc_nano.a(libc_a-lock.o)
                0x24000e78                __retarget_lock_try_acquire_recursive
 .text.__retarget_lock_release
                0x24000e7c        0x2 C:/ST/STM32CubeCLT_1.16.0/GNU-tools-for-STM32/bin/../lib/gcc/arm-none-eabi/12.3.1/../../../../arm-none-eabi/lib/thumb/v7e-m+dp/hard\libc_nano.a(libc_a-lock.o)
                0x24000e7c                __retarget_lock_release
 .text.__retarget_lock_release_recursive
                0x24000e7e        0x2 C:/ST/STM32CubeCLT_1.16.0/GNU-tools-for-STM32/bin/../lib/gcc/arm-none-eabi/12.3.1/../../../../arm-none-eabi/lib/thumb/v7e-m+dp/hard\libc_nano.a(libc_a-lock.o)
                0x24000e7e                __retarget_lock_release_recursive
 .text._free_r  0x24000e80       0x94 C:/ST/STM32CubeCLT_1.16.0/GNU-tools-for-STM32/bin/../lib/gcc/arm-none-eabi/12.3.1/../../../../arm-none-eabi/lib/thumb/v7e-m+dp/hard\libc_nano.a(libc_a-freer.o)
                0x24000e80                _free_r
 .text.sbrk_aligned
                0x24000f14       0x44 C:/ST/STM32CubeCLT_1.16.0/GNU-tools-for-STM32/bin/../lib/gcc/arm-none-eabi/12.3.1/../../../../arm-none-eabi/lib/thumb/v7e-m+dp/hard\libc_nano.a(libc_a-mallocr.o)
 .text._malloc_r
                0x24000f58      0x100 C:/ST/STM32CubeCLT_1.16.0/GNU-tools-for-STM32/bin/../lib/gcc/arm-none-eabi/12.3.1/../../../../arm-none-eabi/lib/thumb/v7e-m+dp/hard\libc_nano.a(libc_a-mallocr.o)
                0x24000f58                _malloc_r
 .text.__malloc_lock
                0x24001058        0xc C:/ST/STM32CubeCLT_1.16.0/GNU-tools-for-STM32/bin/../lib/gcc/arm-none-eabi/12.3.1/../../../../arm-none-eabi/lib/thumb/v7e-m+dp/hard\libc_nano.a(libc_a-mlock.o)
                0x24001058                __malloc_lock
 .text.__malloc_unlock
                0x24001064        0xc C:/ST/STM32CubeCLT_1.16.0/GNU-tools-for-STM32/bin/../lib/gcc/arm-none-eabi/12.3.1/../../../../arm-none-eabi/lib/thumb/v7e-m+dp/hard\libc_nano.a(libc_a-mlock.o)
                0x24001064                __malloc_unlock
 .text.__sflush_r
                0x24001070      0x108 C:/ST/STM32CubeCLT_1.16.0/GNU-tools-for-STM32/bin/../lib/gcc/arm-none-eabi/12.3.1/../../../../arm-none-eabi/lib/thumb/v7e-m+dp/hard\libc_nano.a(libc_a-fflush.o)
                0x24001070                __sflush_r
 .text._fflush_r
                0x24001178       0x50 C:/ST/STM32CubeCLT_1.16.0/GNU-tools-for-STM32/bin/../lib/gcc/arm-none-eabi/12.3.1/../../../../arm-none-eabi/lib/thumb/v7e-m+dp/hard\libc_nano.a(libc_a-fflush.o)
                0x24001178                _fflush_r
 .text.fflush   0x240011c8       0x28 C:/ST/STM32CubeCLT_1.16.0/GNU-tools-for-STM32/bin/../lib/gcc/arm-none-eabi/12.3.1/../../../../arm-none-eabi/lib/thumb/v7e-m+dp/hard\libc_nano.a(libc_a-fflush.o)
                0x240011c8                fflush
 .text._sbrk_r  0x240011f0       0x20 C:/ST/STM32CubeCLT_1.16.0/GNU-tools-for-STM32/bin/../lib/gcc/arm-none-eabi/12.3.1/../../../../arm-none-eabi/lib/thumb/v7e-m+dp/hard\libc_nano.a(libc_a-sbrkr.o)
                0x240011f0                _sbrk_r
 .text.W25Q64_OCTO_SPI_Init
                0x24001210       0x6c CMakeFiles/Nucleo-H723-QSPI-W25Q64.dir/Core/Src/w25q64.c.obj
                0x24001210                W25Q64_OCTO_SPI_Init
 .text.W25Q64_OSPI_ResetChip
                0x2400127c       0xf8 CMakeFiles/Nucleo-H723-QSPI-W25Q64.dir/Core/Src/w25q64.c.obj
                0x2400127c                W25Q64_OSPI_ResetChip
 .text.W25Q64_OSPI_Configuration
                0x24001374       0xc8 CMakeFiles/Nucleo-H723-QSPI-W25Q64.dir/Core/Src/w25q64.c.obj
                0x24001374                W25Q64_OSPI_Configuration
 .text.W25Q64_OSPI_WriteEnable
                0x2400143c      0x11c CMakeFiles/Nucleo-H723-QSPI-W25Q64.dir/Core/Src/w25q64.c.obj
                0x2400143c                W25Q64_OSPI_WriteEnable
 .text.W25Q64_OSPI_AutoPollingMemReady
                0x24001558       0xb0 CMakeFiles/Nucleo-H723-QSPI-W25Q64.dir/Core/Src/w25q64.c.obj
                0x24001558                W25Q64_OSPI_AutoPollingMemReady
 .text.W25Q64_OSPI_Erase_Chip
                0x24001608       0xbe CMakeFiles/Nucleo-H723-QSPI-W25Q64.dir/Core/Src/w25q64.c.obj
                0x24001608                W25Q64_OSPI_Erase_Chip
 *fill*         0x240016c6        0x2 
 .text.W25Q64_OSPI_EraseBlock
                0x240016c8       0xd8 CMakeFiles/Nucleo-H723-QSPI-W25Q64.dir/Core/Src/w25q64.c.obj
                0x240016c8                W25Q64_OSPI_EraseBlock
 .text.W25Q64_OSPI_EraseSector
                0x240017a0       0xb0 CMakeFiles/Nucleo-H723-QSPI-W25Q64.dir/Core/Src/w25q64.c.obj
                0x240017a0                W25Q64_OSPI_EraseSector
 .text.W25Q64_OSPI_Write
                0x24001850       0xec CMakeFiles/Nucleo-H723-QSPI-W25Q64.dir/Core/Src/w25q64.c.obj
                0x24001850                W25Q64_OSPI_Write
 .text.W25Q64_OSPI_Read
                0x2400193c       0xae CMakeFiles/Nucleo-H723-QSPI-W25Q64.dir/Core/Src/w25q64.c.obj
                0x2400193c                W25Q64_OSPI_Read
 .text.W25Q64_OSPI_EnableMemoryMappedMode
                0x240019ea      0x124 CMakeFiles/Nucleo-H723-QSPI-W25Q64.dir/Core/Src/w25q64.c.obj
                0x240019ea                W25Q64_OSPI_EnableMemoryMappedMode
 .text.W25Q64_IsBusy
                0x24001b0e       0x46 CMakeFiles/Nucleo-H723-QSPI-W25Q64.dir/Core/Src/w25q64.c.obj
                0x24001b0e                W25Q64_IsBusy
 .text.W25Q64_Read_Status_Registers
                0x24001b54       0xd2 CMakeFiles/Nucleo-H723-QSPI-W25Q64.dir/Core/Src/w25q64.c.obj
                0x24001b54                W25Q64_Read_Status_Registers
 .text.W25Q64_Write_Status_Registers
                0x24001c26      0x148 CMakeFiles/Nucleo-H723-QSPI-W25Q64.dir/Core/Src/w25q64.c.obj
                0x24001c26                W25Q64_Write_Status_Registers
 .text.HAL_InitTick
                0x24001d6e       0x16 CMakeFiles/Nucleo-H723-QSPI-W25Q64.dir/Core/Src/Loader_Src.c.obj
                0x24001d6e                HAL_InitTick
 .text.HAL_GetTick
                0x24001d84       0x10 CMakeFiles/Nucleo-H723-QSPI-W25Q64.dir/Core/Src/Loader_Src.c.obj
                0x24001d84                HAL_GetTick
 .text.HAL_Delay
                0x24001d94       0x40 CMakeFiles/Nucleo-H723-QSPI-W25Q64.dir/Core/Src/Loader_Src.c.obj
                0x24001d94                HAL_Delay
 .text.Init     0x24001dd4       0xc0 CMakeFiles/Nucleo-H723-QSPI-W25Q64.dir/Core/Src/Loader_Src.c.obj
                0x24001dd4                Init
 .text.Write    0x24001e94       0x74 CMakeFiles/Nucleo-H723-QSPI-W25Q64.dir/Core/Src/Loader_Src.c.obj
                0x24001e94                Write
 .text.SectorErase
                0x24001f08       0x6c CMakeFiles/Nucleo-H723-QSPI-W25Q64.dir/Core/Src/Loader_Src.c.obj
                0x24001f08                SectorErase
 .text.MassErase
                0x24001f74       0x64 CMakeFiles/Nucleo-H723-QSPI-W25Q64.dir/Core/Src/Loader_Src.c.obj
                0x24001f74                MassErase
 .text.CheckSum
                0x24001fd8      0x1c6 CMakeFiles/Nucleo-H723-QSPI-W25Q64.dir/Core/Src/Loader_Src.c.obj
                0x24001fd8                CheckSum
 *fill*         0x2400219e        0x2 
 .text.Verify   0x240021a0      0x120 CMakeFiles/Nucleo-H723-QSPI-W25Q64.dir/Core/Src/Loader_Src.c.obj
                0x240021a0                Verify
 .text.main     0x240022c0       0x10 CMakeFiles/Nucleo-H723-QSPI-W25Q64.dir/Core/Src/main.c.obj
                0x240022c0                main
 .text.SystemClock_Config
                0x240022d0       0xdc CMakeFiles/Nucleo-H723-QSPI-W25Q64.dir/Core/Src/main.c.obj
                0x240022d0                SystemClock_Config
 .text.MPU_Config
                0x240023ac       0x5a CMakeFiles/Nucleo-H723-QSPI-W25Q64.dir/Core/Src/main.c.obj
                0x240023ac                MPU_Config
 .text.Error_Handler
                0x24002406        0xc CMakeFiles/Nucleo-H723-QSPI-W25Q64.dir/Core/Src/main.c.obj
                0x24002406                Error_Handler
 *fill*         0x24002412        0x2 
 .text.MX_GPIO_Init
                0x24002414      0x1b8 CMakeFiles/Nucleo-H723-QSPI-W25Q64.dir/Core/Src/gpio.c.obj
                0x24002414                MX_GPIO_Init
 .text.MX_OCTOSPI1_Init
                0x240025cc       0xc0 CMakeFiles/Nucleo-H723-QSPI-W25Q64.dir/Core/Src/octospi.c.obj
                0x240025cc                MX_OCTOSPI1_Init
 .text.HAL_OSPI_MspInit
                0x2400268c      0x1d4 CMakeFiles/Nucleo-H723-QSPI-W25Q64.dir/Core/Src/octospi.c.obj
                0x2400268c                HAL_OSPI_MspInit
 .text.HAL_OSPI_MspDeInit
                0x24002860       0x74 CMakeFiles/Nucleo-H723-QSPI-W25Q64.dir/Core/Src/octospi.c.obj
                0x24002860                HAL_OSPI_MspDeInit
 .text.MX_USART3_UART_Init
                0x240028d4       0x98 CMakeFiles/Nucleo-H723-QSPI-W25Q64.dir/Core/Src/usart.c.obj
                0x240028d4                MX_USART3_UART_Init
 .text.HAL_UART_MspInit
                0x2400296c       0xd4 CMakeFiles/Nucleo-H723-QSPI-W25Q64.dir/Core/Src/usart.c.obj
                0x2400296c                HAL_UART_MspInit
 .text.HAL_UART_MspDeInit
                0x24002a40       0x40 CMakeFiles/Nucleo-H723-QSPI-W25Q64.dir/Core/Src/usart.c.obj
                0x24002a40                HAL_UART_MspDeInit
 .text.NMI_Handler
                0x24002a80        0x8 CMakeFiles/Nucleo-H723-QSPI-W25Q64.dir/Core/Src/stm32h7xx_it.c.obj
                0x24002a80                NMI_Handler
 .text.HardFault_Handler
                0x24002a88        0x8 CMakeFiles/Nucleo-H723-QSPI-W25Q64.dir/Core/Src/stm32h7xx_it.c.obj
                0x24002a88                HardFault_Handler
 .text.MemManage_Handler
                0x24002a90        0x8 CMakeFiles/Nucleo-H723-QSPI-W25Q64.dir/Core/Src/stm32h7xx_it.c.obj
                0x24002a90                MemManage_Handler
 .text.BusFault_Handler
                0x24002a98        0x8 CMakeFiles/Nucleo-H723-QSPI-W25Q64.dir/Core/Src/stm32h7xx_it.c.obj
                0x24002a98                BusFault_Handler
 .text.UsageFault_Handler
                0x24002aa0        0x8 CMakeFiles/Nucleo-H723-QSPI-W25Q64.dir/Core/Src/stm32h7xx_it.c.obj
                0x24002aa0                UsageFault_Handler
 .text.SVC_Handler
                0x24002aa8        0xe CMakeFiles/Nucleo-H723-QSPI-W25Q64.dir/Core/Src/stm32h7xx_it.c.obj
                0x24002aa8                SVC_Handler
 .text.DebugMon_Handler
                0x24002ab6        0xe CMakeFiles/Nucleo-H723-QSPI-W25Q64.dir/Core/Src/stm32h7xx_it.c.obj
                0x24002ab6                DebugMon_Handler
 .text.PendSV_Handler
                0x24002ac4        0xe CMakeFiles/Nucleo-H723-QSPI-W25Q64.dir/Core/Src/stm32h7xx_it.c.obj
                0x24002ac4                PendSV_Handler
 .text.SysTick_Handler
                0x24002ad2        0xc CMakeFiles/Nucleo-H723-QSPI-W25Q64.dir/Core/Src/stm32h7xx_it.c.obj
                0x24002ad2                SysTick_Handler
 *fill*         0x24002ade        0x2 
 .text.HAL_MspInit
                0x24002ae0       0x34 CMakeFiles/Nucleo-H723-QSPI-W25Q64.dir/Core/Src/stm32h7xx_hal_msp.c.obj
                0x24002ae0                HAL_MspInit
 .text.__NVIC_SetPriorityGrouping
                0x24002b14       0x48 CMakeFiles/Nucleo-H723-QSPI-W25Q64.dir/Drivers/STM32H7xx_HAL_Driver/Src/stm32h7xx_hal_cortex.c.obj
 .text.__NVIC_GetPriorityGrouping
                0x24002b5c       0x1c CMakeFiles/Nucleo-H723-QSPI-W25Q64.dir/Drivers/STM32H7xx_HAL_Driver/Src/stm32h7xx_hal_cortex.c.obj
 .text.__NVIC_EnableIRQ
                0x24002b78       0x3c CMakeFiles/Nucleo-H723-QSPI-W25Q64.dir/Drivers/STM32H7xx_HAL_Driver/Src/stm32h7xx_hal_cortex.c.obj
 .text.__NVIC_DisableIRQ
                0x24002bb4       0x48 CMakeFiles/Nucleo-H723-QSPI-W25Q64.dir/Drivers/STM32H7xx_HAL_Driver/Src/stm32h7xx_hal_cortex.c.obj
 .text.__NVIC_GetPendingIRQ
                0x24002bfc       0x44 CMakeFiles/Nucleo-H723-QSPI-W25Q64.dir/Drivers/STM32H7xx_HAL_Driver/Src/stm32h7xx_hal_cortex.c.obj
 .text.__NVIC_SetPendingIRQ
                0x24002c40       0x3c CMakeFiles/Nucleo-H723-QSPI-W25Q64.dir/Drivers/STM32H7xx_HAL_Driver/Src/stm32h7xx_hal_cortex.c.obj
 .text.__NVIC_ClearPendingIRQ
                0x24002c7c       0x3c CMakeFiles/Nucleo-H723-QSPI-W25Q64.dir/Drivers/STM32H7xx_HAL_Driver/Src/stm32h7xx_hal_cortex.c.obj
 .text.__NVIC_GetActive
                0x24002cb8       0x44 CMakeFiles/Nucleo-H723-QSPI-W25Q64.dir/Drivers/STM32H7xx_HAL_Driver/Src/stm32h7xx_hal_cortex.c.obj
 .text.__NVIC_SetPriority
                0x24002cfc       0x54 CMakeFiles/Nucleo-H723-QSPI-W25Q64.dir/Drivers/STM32H7xx_HAL_Driver/Src/stm32h7xx_hal_cortex.c.obj
 .text.__NVIC_GetPriority
                0x24002d50       0x50 CMakeFiles/Nucleo-H723-QSPI-W25Q64.dir/Drivers/STM32H7xx_HAL_Driver/Src/stm32h7xx_hal_cortex.c.obj
 .text.NVIC_EncodePriority
                0x24002da0       0x66 CMakeFiles/Nucleo-H723-QSPI-W25Q64.dir/Drivers/STM32H7xx_HAL_Driver/Src/stm32h7xx_hal_cortex.c.obj
 .text.NVIC_DecodePriority
                0x24002e06       0x6e CMakeFiles/Nucleo-H723-QSPI-W25Q64.dir/Drivers/STM32H7xx_HAL_Driver/Src/stm32h7xx_hal_cortex.c.obj
 .text.__NVIC_SystemReset
                0x24002e74       0x2c CMakeFiles/Nucleo-H723-QSPI-W25Q64.dir/Drivers/STM32H7xx_HAL_Driver/Src/stm32h7xx_hal_cortex.c.obj
 .text.SysTick_Config
                0x24002ea0       0x44 CMakeFiles/Nucleo-H723-QSPI-W25Q64.dir/Drivers/STM32H7xx_HAL_Driver/Src/stm32h7xx_hal_cortex.c.obj
 .text.HAL_NVIC_SetPriorityGrouping
                0x24002ee4       0x16 CMakeFiles/Nucleo-H723-QSPI-W25Q64.dir/Drivers/STM32H7xx_HAL_Driver/Src/stm32h7xx_hal_cortex.c.obj
                0x24002ee4                HAL_NVIC_SetPriorityGrouping
 .text.HAL_NVIC_SetPriority
                0x24002efa       0x34 CMakeFiles/Nucleo-H723-QSPI-W25Q64.dir/Drivers/STM32H7xx_HAL_Driver/Src/stm32h7xx_hal_cortex.c.obj
                0x24002efa                HAL_NVIC_SetPriority
 .text.HAL_NVIC_EnableIRQ
                0x24002f2e       0x1c CMakeFiles/Nucleo-H723-QSPI-W25Q64.dir/Drivers/STM32H7xx_HAL_Driver/Src/stm32h7xx_hal_cortex.c.obj
                0x24002f2e                HAL_NVIC_EnableIRQ
 .text.HAL_NVIC_DisableIRQ
                0x24002f4a       0x1c CMakeFiles/Nucleo-H723-QSPI-W25Q64.dir/Drivers/STM32H7xx_HAL_Driver/Src/stm32h7xx_hal_cortex.c.obj
                0x24002f4a                HAL_NVIC_DisableIRQ
 .text.HAL_NVIC_SystemReset
                0x24002f66        0x8 CMakeFiles/Nucleo-H723-QSPI-W25Q64.dir/Drivers/STM32H7xx_HAL_Driver/Src/stm32h7xx_hal_cortex.c.obj
                0x24002f66                HAL_NVIC_SystemReset
 .text.HAL_SYSTICK_Config
                0x24002f6e       0x18 CMakeFiles/Nucleo-H723-QSPI-W25Q64.dir/Drivers/STM32H7xx_HAL_Driver/Src/stm32h7xx_hal_cortex.c.obj
                0x24002f6e                HAL_SYSTICK_Config
 *fill*         0x24002f86        0x2 
 .text.HAL_MPU_Disable
                0x24002f88       0x30 CMakeFiles/Nucleo-H723-QSPI-W25Q64.dir/Drivers/STM32H7xx_HAL_Driver/Src/stm32h7xx_hal_cortex.c.obj
                0x24002f88                HAL_MPU_Disable
 .text.HAL_MPU_Enable
                0x24002fb8       0x40 CMakeFiles/Nucleo-H723-QSPI-W25Q64.dir/Drivers/STM32H7xx_HAL_Driver/Src/stm32h7xx_hal_cortex.c.obj
                0x24002fb8                HAL_MPU_Enable
 .text.HAL_MPU_EnableRegion
                0x24002ff8       0x2c CMakeFiles/Nucleo-H723-QSPI-W25Q64.dir/Drivers/STM32H7xx_HAL_Driver/Src/stm32h7xx_hal_cortex.c.obj
                0x24002ff8                HAL_MPU_EnableRegion
 .text.HAL_MPU_DisableRegion
                0x24003024       0x2c CMakeFiles/Nucleo-H723-QSPI-W25Q64.dir/Drivers/STM32H7xx_HAL_Driver/Src/stm32h7xx_hal_cortex.c.obj
                0x24003024                HAL_MPU_DisableRegion
 .text.HAL_MPU_ConfigRegion
                0x24003050       0x80 CMakeFiles/Nucleo-H723-QSPI-W25Q64.dir/Drivers/STM32H7xx_HAL_Driver/Src/stm32h7xx_hal_cortex.c.obj
                0x24003050                HAL_MPU_ConfigRegion
 .text.HAL_NVIC_GetPriorityGrouping
                0x240030d0        0xe CMakeFiles/Nucleo-H723-QSPI-W25Q64.dir/Drivers/STM32H7xx_HAL_Driver/Src/stm32h7xx_hal_cortex.c.obj
                0x240030d0                HAL_NVIC_GetPriorityGrouping
 .text.HAL_NVIC_GetPriority
                0x240030de       0x2c CMakeFiles/Nucleo-H723-QSPI-W25Q64.dir/Drivers/STM32H7xx_HAL_Driver/Src/stm32h7xx_hal_cortex.c.obj
                0x240030de                HAL_NVIC_GetPriority
 .text.HAL_NVIC_SetPendingIRQ
                0x2400310a       0x1c CMakeFiles/Nucleo-H723-QSPI-W25Q64.dir/Drivers/STM32H7xx_HAL_Driver/Src/stm32h7xx_hal_cortex.c.obj
                0x2400310a                HAL_NVIC_SetPendingIRQ
 .text.HAL_NVIC_GetPendingIRQ
                0x24003126       0x1e CMakeFiles/Nucleo-H723-QSPI-W25Q64.dir/Drivers/STM32H7xx_HAL_Driver/Src/stm32h7xx_hal_cortex.c.obj
                0x24003126                HAL_NVIC_GetPendingIRQ
 .text.HAL_NVIC_ClearPendingIRQ
                0x24003144       0x1c CMakeFiles/Nucleo-H723-QSPI-W25Q64.dir/Drivers/STM32H7xx_HAL_Driver/Src/stm32h7xx_hal_cortex.c.obj
                0x24003144                HAL_NVIC_ClearPendingIRQ
 .text.HAL_NVIC_GetActive
                0x24003160       0x1e CMakeFiles/Nucleo-H723-QSPI-W25Q64.dir/Drivers/STM32H7xx_HAL_Driver/Src/stm32h7xx_hal_cortex.c.obj
                0x24003160                HAL_NVIC_GetActive
 *fill*         0x2400317e        0x2 
 .text.HAL_SYSTICK_CLKSourceConfig
                0x24003180       0x38 CMakeFiles/Nucleo-H723-QSPI-W25Q64.dir/Drivers/STM32H7xx_HAL_Driver/Src/stm32h7xx_hal_cortex.c.obj
                0x24003180                HAL_SYSTICK_CLKSourceConfig
 .text.HAL_SYSTICK_IRQHandler
                0x240031b8        0xc CMakeFiles/Nucleo-H723-QSPI-W25Q64.dir/Drivers/STM32H7xx_HAL_Driver/Src/stm32h7xx_hal_cortex.c.obj
                0x240031b8                HAL_SYSTICK_IRQHandler
 .text.HAL_SYSTICK_Callback
                0x240031c4        0xe CMakeFiles/Nucleo-H723-QSPI-W25Q64.dir/Drivers/STM32H7xx_HAL_Driver/Src/stm32h7xx_hal_cortex.c.obj
                0x240031c4                HAL_SYSTICK_Callback
 .text.HAL_GetCurrentCPUID
                0x240031d2       0x10 CMakeFiles/Nucleo-H723-QSPI-W25Q64.dir/Drivers/STM32H7xx_HAL_Driver/Src/stm32h7xx_hal_cortex.c.obj
                0x240031d2                HAL_GetCurrentCPUID
 *fill*         0x240031e2        0x2 
 .text.HAL_RCC_DeInit
                0x240031e4      0x254 CMakeFiles/Nucleo-H723-QSPI-W25Q64.dir/Drivers/STM32H7xx_HAL_Driver/Src/stm32h7xx_hal_rcc.c.obj
                0x240031e4                HAL_RCC_DeInit
 .text.HAL_RCC_OscConfig
                0x24003438      0x7b4 CMakeFiles/Nucleo-H723-QSPI-W25Q64.dir/Drivers/STM32H7xx_HAL_Driver/Src/stm32h7xx_hal_rcc.c.obj
                0x24003438                HAL_RCC_OscConfig
 .text.HAL_RCC_ClockConfig
                0x24003bec      0x36c CMakeFiles/Nucleo-H723-QSPI-W25Q64.dir/Drivers/STM32H7xx_HAL_Driver/Src/stm32h7xx_hal_rcc.c.obj
                0x24003bec                HAL_RCC_ClockConfig
 .text.HAL_RCC_MCOConfig
                0x24003f58       0xd4 CMakeFiles/Nucleo-H723-QSPI-W25Q64.dir/Drivers/STM32H7xx_HAL_Driver/Src/stm32h7xx_hal_rcc.c.obj
                0x24003f58                HAL_RCC_MCOConfig
 .text.HAL_RCC_EnableCSS
                0x2400402c       0x20 CMakeFiles/Nucleo-H723-QSPI-W25Q64.dir/Drivers/STM32H7xx_HAL_Driver/Src/stm32h7xx_hal_rcc.c.obj
                0x2400402c                HAL_RCC_EnableCSS
 .text.HAL_RCC_DisableCSS
                0x2400404c       0x20 CMakeFiles/Nucleo-H723-QSPI-W25Q64.dir/Drivers/STM32H7xx_HAL_Driver/Src/stm32h7xx_hal_rcc.c.obj
                0x2400404c                HAL_RCC_DisableCSS
 .text.HAL_RCC_GetSysClockFreq
                0x2400406c      0x2f4 CMakeFiles/Nucleo-H723-QSPI-W25Q64.dir/Drivers/STM32H7xx_HAL_Driver/Src/stm32h7xx_hal_rcc.c.obj
                0x2400406c                HAL_RCC_GetSysClockFreq
 .text.HAL_RCC_GetHCLKFreq
                0x24004360       0x60 CMakeFiles/Nucleo-H723-QSPI-W25Q64.dir/Drivers/STM32H7xx_HAL_Driver/Src/stm32h7xx_hal_rcc.c.obj
                0x24004360                HAL_RCC_GetHCLKFreq
 .text.HAL_RCC_GetPCLK1Freq
                0x240043c0       0x2c CMakeFiles/Nucleo-H723-QSPI-W25Q64.dir/Drivers/STM32H7xx_HAL_Driver/Src/stm32h7xx_hal_rcc.c.obj
                0x240043c0                HAL_RCC_GetPCLK1Freq
 .text.HAL_RCC_GetPCLK2Freq
                0x240043ec       0x2c CMakeFiles/Nucleo-H723-QSPI-W25Q64.dir/Drivers/STM32H7xx_HAL_Driver/Src/stm32h7xx_hal_rcc.c.obj
                0x240043ec                HAL_RCC_GetPCLK2Freq
 .text.HAL_RCC_GetOscConfig
                0x24004418      0x1a4 CMakeFiles/Nucleo-H723-QSPI-W25Q64.dir/Drivers/STM32H7xx_HAL_Driver/Src/stm32h7xx_hal_rcc.c.obj
                0x24004418                HAL_RCC_GetOscConfig
 .text.HAL_RCC_GetClockConfig
                0x240045bc       0x84 CMakeFiles/Nucleo-H723-QSPI-W25Q64.dir/Drivers/STM32H7xx_HAL_Driver/Src/stm32h7xx_hal_rcc.c.obj
                0x240045bc                HAL_RCC_GetClockConfig
 .text.HAL_RCC_NMI_IRQHandler
                0x24004640       0x28 CMakeFiles/Nucleo-H723-QSPI-W25Q64.dir/Drivers/STM32H7xx_HAL_Driver/Src/stm32h7xx_hal_rcc.c.obj
                0x24004640                HAL_RCC_NMI_IRQHandler
 .text.HAL_RCC_CSSCallback
                0x24004668        0xe CMakeFiles/Nucleo-H723-QSPI-W25Q64.dir/Drivers/STM32H7xx_HAL_Driver/Src/stm32h7xx_hal_rcc.c.obj
                0x24004668                HAL_RCC_CSSCallback
 *fill*         0x24004676        0x2 
 .text.HAL_RCCEx_PeriphCLKConfig
                0x24004678     0x1340 CMakeFiles/Nucleo-H723-QSPI-W25Q64.dir/Drivers/STM32H7xx_HAL_Driver/Src/stm32h7xx_hal_rcc_ex.c.obj
                0x24004678                HAL_RCCEx_PeriphCLKConfig
 .text.HAL_RCCEx_GetPeriphCLKConfig
                0x240059b8      0x2d0 CMakeFiles/Nucleo-H723-QSPI-W25Q64.dir/Drivers/STM32H7xx_HAL_Driver/Src/stm32h7xx_hal_rcc_ex.c.obj
                0x240059b8                HAL_RCCEx_GetPeriphCLKConfig
 .text.HAL_RCCEx_GetPeriphCLKFreq
                0x24005c88      0x9a4 CMakeFiles/Nucleo-H723-QSPI-W25Q64.dir/Drivers/STM32H7xx_HAL_Driver/Src/stm32h7xx_hal_rcc_ex.c.obj
                0x24005c88                HAL_RCCEx_GetPeriphCLKFreq
 .text.HAL_RCCEx_GetD1PCLK1Freq
                0x2400662c       0x2c CMakeFiles/Nucleo-H723-QSPI-W25Q64.dir/Drivers/STM32H7xx_HAL_Driver/Src/stm32h7xx_hal_rcc_ex.c.obj
                0x2400662c                HAL_RCCEx_GetD1PCLK1Freq
 .text.HAL_RCCEx_GetD3PCLK1Freq
                0x24006658       0x2c CMakeFiles/Nucleo-H723-QSPI-W25Q64.dir/Drivers/STM32H7xx_HAL_Driver/Src/stm32h7xx_hal_rcc_ex.c.obj
                0x24006658                HAL_RCCEx_GetD3PCLK1Freq
 .text.HAL_RCCEx_GetPLL2ClockFreq
                0x24006684      0x2a8 CMakeFiles/Nucleo-H723-QSPI-W25Q64.dir/Drivers/STM32H7xx_HAL_Driver/Src/stm32h7xx_hal_rcc_ex.c.obj
                0x24006684                HAL_RCCEx_GetPLL2ClockFreq
 .text.HAL_RCCEx_GetPLL3ClockFreq
                0x2400692c      0x2a8 CMakeFiles/Nucleo-H723-QSPI-W25Q64.dir/Drivers/STM32H7xx_HAL_Driver/Src/stm32h7xx_hal_rcc_ex.c.obj
                0x2400692c                HAL_RCCEx_GetPLL3ClockFreq
 .text.HAL_RCCEx_GetPLL1ClockFreq
                0x24006bd4      0x2a4 CMakeFiles/Nucleo-H723-QSPI-W25Q64.dir/Drivers/STM32H7xx_HAL_Driver/Src/stm32h7xx_hal_rcc_ex.c.obj
                0x24006bd4                HAL_RCCEx_GetPLL1ClockFreq
 .text.HAL_RCCEx_GetD1SysClockFreq
                0x24006e78       0x60 CMakeFiles/Nucleo-H723-QSPI-W25Q64.dir/Drivers/STM32H7xx_HAL_Driver/Src/stm32h7xx_hal_rcc_ex.c.obj
                0x24006e78                HAL_RCCEx_GetD1SysClockFreq
 .text.HAL_RCCEx_EnableLSECSS
                0x24006ed8       0x20 CMakeFiles/Nucleo-H723-QSPI-W25Q64.dir/Drivers/STM32H7xx_HAL_Driver/Src/stm32h7xx_hal_rcc_ex.c.obj
                0x24006ed8                HAL_RCCEx_EnableLSECSS
 .text.HAL_RCCEx_DisableLSECSS
                0x24006ef8       0x2c CMakeFiles/Nucleo-H723-QSPI-W25Q64.dir/Drivers/STM32H7xx_HAL_Driver/Src/stm32h7xx_hal_rcc_ex.c.obj
                0x24006ef8                HAL_RCCEx_DisableLSECSS
 .text.HAL_RCCEx_EnableLSECSS_IT
                0x24006f24       0x50 CMakeFiles/Nucleo-H723-QSPI-W25Q64.dir/Drivers/STM32H7xx_HAL_Driver/Src/stm32h7xx_hal_rcc_ex.c.obj
                0x24006f24                HAL_RCCEx_EnableLSECSS_IT
 .text.HAL_RCCEx_WakeUpStopCLKConfig
                0x24006f74       0x28 CMakeFiles/Nucleo-H723-QSPI-W25Q64.dir/Drivers/STM32H7xx_HAL_Driver/Src/stm32h7xx_hal_rcc_ex.c.obj
                0x24006f74                HAL_RCCEx_WakeUpStopCLKConfig
 .text.HAL_RCCEx_KerWakeUpStopCLKConfig
                0x24006f9c       0x28 CMakeFiles/Nucleo-H723-QSPI-W25Q64.dir/Drivers/STM32H7xx_HAL_Driver/Src/stm32h7xx_hal_rcc_ex.c.obj
                0x24006f9c                HAL_RCCEx_KerWakeUpStopCLKConfig
 .text.HAL_RCCEx_WWDGxSysResetConfig
                0x24006fc4       0x28 CMakeFiles/Nucleo-H723-QSPI-W25Q64.dir/Drivers/STM32H7xx_HAL_Driver/Src/stm32h7xx_hal_rcc_ex.c.obj
                0x24006fc4                HAL_RCCEx_WWDGxSysResetConfig
 .text.HAL_RCCEx_CRSConfig
                0x24006fec       0xac CMakeFiles/Nucleo-H723-QSPI-W25Q64.dir/Drivers/STM32H7xx_HAL_Driver/Src/stm32h7xx_hal_rcc_ex.c.obj
                0x24006fec                HAL_RCCEx_CRSConfig
 .text.HAL_RCCEx_CRSSoftwareSynchronizationGenerate
                0x24007098       0x20 CMakeFiles/Nucleo-H723-QSPI-W25Q64.dir/Drivers/STM32H7xx_HAL_Driver/Src/stm32h7xx_hal_rcc_ex.c.obj
                0x24007098                HAL_RCCEx_CRSSoftwareSynchronizationGenerate
 .text.HAL_RCCEx_CRSGetSynchronizationInfo
                0x240070b8       0x48 CMakeFiles/Nucleo-H723-QSPI-W25Q64.dir/Drivers/STM32H7xx_HAL_Driver/Src/stm32h7xx_hal_rcc_ex.c.obj
                0x240070b8                HAL_RCCEx_CRSGetSynchronizationInfo
 .text.HAL_RCCEx_CRSWaitSynchronization
                0x24007100       0xe4 CMakeFiles/Nucleo-H723-QSPI-W25Q64.dir/Drivers/STM32H7xx_HAL_Driver/Src/stm32h7xx_hal_rcc_ex.c.obj
                0x24007100                HAL_RCCEx_CRSWaitSynchronization
 .text.HAL_RCCEx_CRS_IRQHandler
                0x240071e4       0xdc CMakeFiles/Nucleo-H723-QSPI-W25Q64.dir/Drivers/STM32H7xx_HAL_Driver/Src/stm32h7xx_hal_rcc_ex.c.obj
                0x240071e4                HAL_RCCEx_CRS_IRQHandler
 .text.HAL_RCCEx_CRS_SyncOkCallback
                0x240072c0        0xe CMakeFiles/Nucleo-H723-QSPI-W25Q64.dir/Drivers/STM32H7xx_HAL_Driver/Src/stm32h7xx_hal_rcc_ex.c.obj
                0x240072c0                HAL_RCCEx_CRS_SyncOkCallback
 .text.HAL_RCCEx_CRS_SyncWarnCallback
                0x240072ce        0xe CMakeFiles/Nucleo-H723-QSPI-W25Q64.dir/Drivers/STM32H7xx_HAL_Driver/Src/stm32h7xx_hal_rcc_ex.c.obj
                0x240072ce                HAL_RCCEx_CRS_SyncWarnCallback
 .text.HAL_RCCEx_CRS_ExpectedSyncCallback
                0x240072dc        0xe CMakeFiles/Nucleo-H723-QSPI-W25Q64.dir/Drivers/STM32H7xx_HAL_Driver/Src/stm32h7xx_hal_rcc_ex.c.obj
                0x240072dc                HAL_RCCEx_CRS_ExpectedSyncCallback
 .text.HAL_RCCEx_CRS_ErrorCallback
                0x240072ea       0x14 CMakeFiles/Nucleo-H723-QSPI-W25Q64.dir/Drivers/STM32H7xx_HAL_Driver/Src/stm32h7xx_hal_rcc_ex.c.obj
                0x240072ea                HAL_RCCEx_CRS_ErrorCallback
 *fill*         0x240072fe        0x2 
 .text.RCCEx_PLL2_Config
                0x24007300      0x164 CMakeFiles/Nucleo-H723-QSPI-W25Q64.dir/Drivers/STM32H7xx_HAL_Driver/Src/stm32h7xx_hal_rcc_ex.c.obj
 .text.RCCEx_PLL3_Config
                0x24007464      0x164 CMakeFiles/Nucleo-H723-QSPI-W25Q64.dir/Drivers/STM32H7xx_HAL_Driver/Src/stm32h7xx_hal_rcc_ex.c.obj
 .text.HAL_RCCEx_LSECSS_IRQHandler
                0x240075c8       0x28 CMakeFiles/Nucleo-H723-QSPI-W25Q64.dir/Drivers/STM32H7xx_HAL_Driver/Src/stm32h7xx_hal_rcc_ex.c.obj
                0x240075c8                HAL_RCCEx_LSECSS_IRQHandler
 .text.HAL_RCCEx_LSECSS_Callback
                0x240075f0        0xe CMakeFiles/Nucleo-H723-QSPI-W25Q64.dir/Drivers/STM32H7xx_HAL_Driver/Src/stm32h7xx_hal_rcc_ex.c.obj
                0x240075f0                HAL_RCCEx_LSECSS_Callback
 *fill*         0x240075fe        0x2 
 .text.HAL_FLASH_Program
                0x24007600       0xe0 CMakeFiles/Nucleo-H723-QSPI-W25Q64.dir/Drivers/STM32H7xx_HAL_Driver/Src/stm32h7xx_hal_flash.c.obj
                0x24007600                HAL_FLASH_Program
 .text.HAL_FLASH_Program_IT
                0x240076e0       0xd8 CMakeFiles/Nucleo-H723-QSPI-W25Q64.dir/Drivers/STM32H7xx_HAL_Driver/Src/stm32h7xx_hal_flash.c.obj
                0x240076e0                HAL_FLASH_Program_IT
 .text.HAL_FLASH_IRQHandler
                0x240077b8      0x15c CMakeFiles/Nucleo-H723-QSPI-W25Q64.dir/Drivers/STM32H7xx_HAL_Driver/Src/stm32h7xx_hal_flash.c.obj
                0x240077b8                HAL_FLASH_IRQHandler
 .text.HAL_FLASH_EndOfOperationCallback
                0x24007914       0x14 CMakeFiles/Nucleo-H723-QSPI-W25Q64.dir/Drivers/STM32H7xx_HAL_Driver/Src/stm32h7xx_hal_flash.c.obj
                0x24007914                HAL_FLASH_EndOfOperationCallback
 .text.HAL_FLASH_OperationErrorCallback
                0x24007928       0x14 CMakeFiles/Nucleo-H723-QSPI-W25Q64.dir/Drivers/STM32H7xx_HAL_Driver/Src/stm32h7xx_hal_flash.c.obj
                0x24007928                HAL_FLASH_OperationErrorCallback
 .text.HAL_FLASH_Unlock
                0x2400793c       0x44 CMakeFiles/Nucleo-H723-QSPI-W25Q64.dir/Drivers/STM32H7xx_HAL_Driver/Src/stm32h7xx_hal_flash.c.obj
                0x2400793c                HAL_FLASH_Unlock
 .text.HAL_FLASH_Lock
                0x24007980       0x30 CMakeFiles/Nucleo-H723-QSPI-W25Q64.dir/Drivers/STM32H7xx_HAL_Driver/Src/stm32h7xx_hal_flash.c.obj
                0x24007980                HAL_FLASH_Lock
 .text.HAL_FLASH_OB_Unlock
                0x240079b0       0x44 CMakeFiles/Nucleo-H723-QSPI-W25Q64.dir/Drivers/STM32H7xx_HAL_Driver/Src/stm32h7xx_hal_flash.c.obj
                0x240079b0                HAL_FLASH_OB_Unlock
 .text.HAL_FLASH_OB_Lock
                0x240079f4       0x30 CMakeFiles/Nucleo-H723-QSPI-W25Q64.dir/Drivers/STM32H7xx_HAL_Driver/Src/stm32h7xx_hal_flash.c.obj
                0x240079f4                HAL_FLASH_OB_Lock
 .text.HAL_FLASH_OB_Launch
                0x24007a24       0x4c CMakeFiles/Nucleo-H723-QSPI-W25Q64.dir/Drivers/STM32H7xx_HAL_Driver/Src/stm32h7xx_hal_flash.c.obj
                0x24007a24                HAL_FLASH_OB_Launch
 .text.HAL_FLASH_GetError
                0x24007a70       0x18 CMakeFiles/Nucleo-H723-QSPI-W25Q64.dir/Drivers/STM32H7xx_HAL_Driver/Src/stm32h7xx_hal_flash.c.obj
                0x24007a70                HAL_FLASH_GetError
 .text.FLASH_WaitForLastOperation
                0x24007a88       0xac CMakeFiles/Nucleo-H723-QSPI-W25Q64.dir/Drivers/STM32H7xx_HAL_Driver/Src/stm32h7xx_hal_flash.c.obj
                0x24007a88                FLASH_WaitForLastOperation
 .text.FLASH_OB_WaitForLastOperation
                0x24007b34       0x78 CMakeFiles/Nucleo-H723-QSPI-W25Q64.dir/Drivers/STM32H7xx_HAL_Driver/Src/stm32h7xx_hal_flash.c.obj
                0x24007b34                FLASH_OB_WaitForLastOperation
 .text.FLASH_CRC_WaitForLastOperation
                0x24007bac       0x94 CMakeFiles/Nucleo-H723-QSPI-W25Q64.dir/Drivers/STM32H7xx_HAL_Driver/Src/stm32h7xx_hal_flash.c.obj
                0x24007bac                FLASH_CRC_WaitForLastOperation
 .text.HAL_FLASHEx_Erase
                0x24007c40      0x118 CMakeFiles/Nucleo-H723-QSPI-W25Q64.dir/Drivers/STM32H7xx_HAL_Driver/Src/stm32h7xx_hal_flash_ex.c.obj
                0x24007c40                HAL_FLASHEx_Erase
 .text.HAL_FLASHEx_Erase_IT
                0x24007d58       0xdc CMakeFiles/Nucleo-H723-QSPI-W25Q64.dir/Drivers/STM32H7xx_HAL_Driver/Src/stm32h7xx_hal_flash_ex.c.obj
                0x24007d58                HAL_FLASHEx_Erase_IT
 .text.HAL_FLASHEx_OBProgram
                0x24007e34      0x160 CMakeFiles/Nucleo-H723-QSPI-W25Q64.dir/Drivers/STM32H7xx_HAL_Driver/Src/stm32h7xx_hal_flash_ex.c.obj
                0x24007e34                HAL_FLASHEx_OBProgram
 .text.HAL_FLASHEx_OBGetConfig
                0x24007f94       0xda CMakeFiles/Nucleo-H723-QSPI-W25Q64.dir/Drivers/STM32H7xx_HAL_Driver/Src/stm32h7xx_hal_flash_ex.c.obj
                0x24007f94                HAL_FLASHEx_OBGetConfig
 *fill*         0x2400806e        0x2 
 .text.HAL_FLASHEx_Unlock_Bank1
                0x24008070       0x44 CMakeFiles/Nucleo-H723-QSPI-W25Q64.dir/Drivers/STM32H7xx_HAL_Driver/Src/stm32h7xx_hal_flash_ex.c.obj
                0x24008070                HAL_FLASHEx_Unlock_Bank1
 .text.HAL_FLASHEx_Lock_Bank1
                0x240080b4       0x20 CMakeFiles/Nucleo-H723-QSPI-W25Q64.dir/Drivers/STM32H7xx_HAL_Driver/Src/stm32h7xx_hal_flash_ex.c.obj
                0x240080b4                HAL_FLASHEx_Lock_Bank1
 .text.HAL_FLASHEx_ComputeCRC
                0x240080d4      0x104 CMakeFiles/Nucleo-H723-QSPI-W25Q64.dir/Drivers/STM32H7xx_HAL_Driver/Src/stm32h7xx_hal_flash_ex.c.obj
                0x240080d4                HAL_FLASHEx_ComputeCRC
 .text.FLASH_MassErase
                0x240081d8       0x48 CMakeFiles/Nucleo-H723-QSPI-W25Q64.dir/Drivers/STM32H7xx_HAL_Driver/Src/stm32h7xx_hal_flash_ex.c.obj
 .text.FLASH_Erase_Sector
                0x24008220       0x48 CMakeFiles/Nucleo-H723-QSPI-W25Q64.dir/Drivers/STM32H7xx_HAL_Driver/Src/stm32h7xx_hal_flash_ex.c.obj
                0x24008220                FLASH_Erase_Sector
 .text.FLASH_OB_EnableWRP
                0x24008268       0x34 CMakeFiles/Nucleo-H723-QSPI-W25Q64.dir/Drivers/STM32H7xx_HAL_Driver/Src/stm32h7xx_hal_flash_ex.c.obj
 .text.FLASH_OB_DisableWRP
                0x2400829c       0x34 CMakeFiles/Nucleo-H723-QSPI-W25Q64.dir/Drivers/STM32H7xx_HAL_Driver/Src/stm32h7xx_hal_flash_ex.c.obj
 .text.FLASH_OB_GetWRP
                0x240082d0       0x4c CMakeFiles/Nucleo-H723-QSPI-W25Q64.dir/Drivers/STM32H7xx_HAL_Driver/Src/stm32h7xx_hal_flash_ex.c.obj
 .text.FLASH_OB_RDPConfig
                0x2400831c       0x28 CMakeFiles/Nucleo-H723-QSPI-W25Q64.dir/Drivers/STM32H7xx_HAL_Driver/Src/stm32h7xx_hal_flash_ex.c.obj
 .text.FLASH_OB_GetRDP
                0x24008344       0x38 CMakeFiles/Nucleo-H723-QSPI-W25Q64.dir/Drivers/STM32H7xx_HAL_Driver/Src/stm32h7xx_hal_flash_ex.c.obj
 .text.FLASH_OB_UserConfig
                0x2400837c      0x160 CMakeFiles/Nucleo-H723-QSPI-W25Q64.dir/Drivers/STM32H7xx_HAL_Driver/Src/stm32h7xx_hal_flash_ex.c.obj
 .text.FLASH_OB_GetUser
                0x240084dc       0x2c CMakeFiles/Nucleo-H723-QSPI-W25Q64.dir/Drivers/STM32H7xx_HAL_Driver/Src/stm32h7xx_hal_flash_ex.c.obj
 .text.FLASH_OB_PCROPConfig
                0x24008508       0x44 CMakeFiles/Nucleo-H723-QSPI-W25Q64.dir/Drivers/STM32H7xx_HAL_Driver/Src/stm32h7xx_hal_flash_ex.c.obj
 .text.FLASH_OB_GetPCROP
                0x2400854c       0x70 CMakeFiles/Nucleo-H723-QSPI-W25Q64.dir/Drivers/STM32H7xx_HAL_Driver/Src/stm32h7xx_hal_flash_ex.c.obj
 .text.FLASH_OB_BOR_LevelConfig
                0x240085bc       0x28 CMakeFiles/Nucleo-H723-QSPI-W25Q64.dir/Drivers/STM32H7xx_HAL_Driver/Src/stm32h7xx_hal_flash_ex.c.obj
 .text.FLASH_OB_GetBOR
                0x240085e4       0x1c CMakeFiles/Nucleo-H723-QSPI-W25Q64.dir/Drivers/STM32H7xx_HAL_Driver/Src/stm32h7xx_hal_flash_ex.c.obj
 .text.FLASH_OB_BootAddConfig
                0x24008600       0x54 CMakeFiles/Nucleo-H723-QSPI-W25Q64.dir/Drivers/STM32H7xx_HAL_Driver/Src/stm32h7xx_hal_flash_ex.c.obj
 .text.FLASH_OB_GetBootAdd
                0x24008654       0x38 CMakeFiles/Nucleo-H723-QSPI-W25Q64.dir/Drivers/STM32H7xx_HAL_Driver/Src/stm32h7xx_hal_flash_ex.c.obj
 .text.FLASH_OB_SecureAreaConfig
                0x2400868c       0x48 CMakeFiles/Nucleo-H723-QSPI-W25Q64.dir/Drivers/STM32H7xx_HAL_Driver/Src/stm32h7xx_hal_flash_ex.c.obj
 .text.FLASH_OB_GetSecureArea
                0x240086d4       0x70 CMakeFiles/Nucleo-H723-QSPI-W25Q64.dir/Drivers/STM32H7xx_HAL_Driver/Src/stm32h7xx_hal_flash_ex.c.obj
 .text.FLASH_CRC_AddSector
                0x24008744       0x3c CMakeFiles/Nucleo-H723-QSPI-W25Q64.dir/Drivers/STM32H7xx_HAL_Driver/Src/stm32h7xx_hal_flash_ex.c.obj
 .text.FLASH_CRC_SelectAddress
                0x24008780       0x30 CMakeFiles/Nucleo-H723-QSPI-W25Q64.dir/Drivers/STM32H7xx_HAL_Driver/Src/stm32h7xx_hal_flash_ex.c.obj
 .text.FLASH_OB_SharedRAM_Config
                0x240087b0       0x28 CMakeFiles/Nucleo-H723-QSPI-W25Q64.dir/Drivers/STM32H7xx_HAL_Driver/Src/stm32h7xx_hal_flash_ex.c.obj
 .text.FLASH_OB_SharedRAM_GetConfig
                0x240087d8       0x1c CMakeFiles/Nucleo-H723-QSPI-W25Q64.dir/Drivers/STM32H7xx_HAL_Driver/Src/stm32h7xx_hal_flash_ex.c.obj
 .text.FLASH_OB_CPUFreq_BoostConfig
                0x240087f4       0x28 CMakeFiles/Nucleo-H723-QSPI-W25Q64.dir/Drivers/STM32H7xx_HAL_Driver/Src/stm32h7xx_hal_flash_ex.c.obj
 .text.FLASH_OB_CPUFreq_GetBoost
                0x2400881c       0x1c CMakeFiles/Nucleo-H723-QSPI-W25Q64.dir/Drivers/STM32H7xx_HAL_Driver/Src/stm32h7xx_hal_flash_ex.c.obj
 .text.HAL_GPIO_Init
                0x24008838      0x350 CMakeFiles/Nucleo-H723-QSPI-W25Q64.dir/Drivers/STM32H7xx_HAL_Driver/Src/stm32h7xx_hal_gpio.c.obj
                0x24008838                HAL_GPIO_Init
 .text.HAL_GPIO_DeInit
                0x24008b88      0x204 CMakeFiles/Nucleo-H723-QSPI-W25Q64.dir/Drivers/STM32H7xx_HAL_Driver/Src/stm32h7xx_hal_gpio.c.obj
                0x24008b88                HAL_GPIO_DeInit
 .text.HAL_GPIO_ReadPin
                0x24008d8c       0x30 CMakeFiles/Nucleo-H723-QSPI-W25Q64.dir/Drivers/STM32H7xx_HAL_Driver/Src/stm32h7xx_hal_gpio.c.obj
                0x24008d8c                HAL_GPIO_ReadPin
 .text.HAL_GPIO_WritePin
                0x24008dbc       0x32 CMakeFiles/Nucleo-H723-QSPI-W25Q64.dir/Drivers/STM32H7xx_HAL_Driver/Src/stm32h7xx_hal_gpio.c.obj
                0x24008dbc                HAL_GPIO_WritePin
 .text.HAL_GPIO_TogglePin
                0x24008dee       0x34 CMakeFiles/Nucleo-H723-QSPI-W25Q64.dir/Drivers/STM32H7xx_HAL_Driver/Src/stm32h7xx_hal_gpio.c.obj
                0x24008dee                HAL_GPIO_TogglePin
 .text.HAL_GPIO_LockPin
                0x24008e22       0x50 CMakeFiles/Nucleo-H723-QSPI-W25Q64.dir/Drivers/STM32H7xx_HAL_Driver/Src/stm32h7xx_hal_gpio.c.obj
                0x24008e22                HAL_GPIO_LockPin
 .text.HAL_GPIO_EXTI_IRQHandler
                0x24008e72       0x34 CMakeFiles/Nucleo-H723-QSPI-W25Q64.dir/Drivers/STM32H7xx_HAL_Driver/Src/stm32h7xx_hal_gpio.c.obj
                0x24008e72                HAL_GPIO_EXTI_IRQHandler
 .text.HAL_GPIO_EXTI_Callback
                0x24008ea6       0x16 CMakeFiles/Nucleo-H723-QSPI-W25Q64.dir/Drivers/STM32H7xx_HAL_Driver/Src/stm32h7xx_hal_gpio.c.obj
                0x24008ea6                HAL_GPIO_EXTI_Callback
 .text.HAL_HSEM_Take
                0x24008ebc       0x44 CMakeFiles/Nucleo-H723-QSPI-W25Q64.dir/Drivers/STM32H7xx_HAL_Driver/Src/stm32h7xx_hal_hsem.c.obj
                0x24008ebc                HAL_HSEM_Take
 .text.HAL_HSEM_FastTake
                0x24008f00       0x34 CMakeFiles/Nucleo-H723-QSPI-W25Q64.dir/Drivers/STM32H7xx_HAL_Driver/Src/stm32h7xx_hal_hsem.c.obj
                0x24008f00                HAL_HSEM_FastTake
 .text.HAL_HSEM_IsSemTaken
                0x24008f34       0x2c CMakeFiles/Nucleo-H723-QSPI-W25Q64.dir/Drivers/STM32H7xx_HAL_Driver/Src/stm32h7xx_hal_hsem.c.obj
                0x24008f34                HAL_HSEM_IsSemTaken
 .text.HAL_HSEM_Release
                0x24008f60       0x28 CMakeFiles/Nucleo-H723-QSPI-W25Q64.dir/Drivers/STM32H7xx_HAL_Driver/Src/stm32h7xx_hal_hsem.c.obj
                0x24008f60                HAL_HSEM_Release
 .text.HAL_HSEM_ReleaseAll
                0x24008f88       0x2c CMakeFiles/Nucleo-H723-QSPI-W25Q64.dir/Drivers/STM32H7xx_HAL_Driver/Src/stm32h7xx_hal_hsem.c.obj
                0x24008f88                HAL_HSEM_ReleaseAll
 .text.HAL_HSEM_SetClearKey
                0x24008fb4       0x2c CMakeFiles/Nucleo-H723-QSPI-W25Q64.dir/Drivers/STM32H7xx_HAL_Driver/Src/stm32h7xx_hal_hsem.c.obj
                0x24008fb4                HAL_HSEM_SetClearKey
 .text.HAL_HSEM_GetClearKey
                0x24008fe0       0x1c CMakeFiles/Nucleo-H723-QSPI-W25Q64.dir/Drivers/STM32H7xx_HAL_Driver/Src/stm32h7xx_hal_hsem.c.obj
                0x24008fe0                HAL_HSEM_GetClearKey
 .text.HAL_HSEM_ActivateNotification
                0x24008ffc       0x24 CMakeFiles/Nucleo-H723-QSPI-W25Q64.dir/Drivers/STM32H7xx_HAL_Driver/Src/stm32h7xx_hal_hsem.c.obj
                0x24008ffc                HAL_HSEM_ActivateNotification
 .text.HAL_HSEM_DeactivateNotification
                0x24009020       0x28 CMakeFiles/Nucleo-H723-QSPI-W25Q64.dir/Drivers/STM32H7xx_HAL_Driver/Src/stm32h7xx_hal_hsem.c.obj
                0x24009020                HAL_HSEM_DeactivateNotification
 .text.HAL_HSEM_IRQHandler
                0x24009048       0x34 CMakeFiles/Nucleo-H723-QSPI-W25Q64.dir/Drivers/STM32H7xx_HAL_Driver/Src/stm32h7xx_hal_hsem.c.obj
                0x24009048                HAL_HSEM_IRQHandler
 .text.HAL_HSEM_FreeCallback
                0x2400907c       0x14 CMakeFiles/Nucleo-H723-QSPI-W25Q64.dir/Drivers/STM32H7xx_HAL_Driver/Src/stm32h7xx_hal_hsem.c.obj
                0x2400907c                HAL_HSEM_FreeCallback
 .text.HAL_DMA_Init
                0x24009090      0x6b0 CMakeFiles/Nucleo-H723-QSPI-W25Q64.dir/Drivers/STM32H7xx_HAL_Driver/Src/stm32h7xx_hal_dma.c.obj
                0x24009090                HAL_DMA_Init
 .text.HAL_DMA_DeInit
                0x24009740      0x36c CMakeFiles/Nucleo-H723-QSPI-W25Q64.dir/Drivers/STM32H7xx_HAL_Driver/Src/stm32h7xx_hal_dma.c.obj
                0x24009740                HAL_DMA_DeInit
 .text.HAL_DMA_Start
                0x24009aac      0x240 CMakeFiles/Nucleo-H723-QSPI-W25Q64.dir/Drivers/STM32H7xx_HAL_Driver/Src/stm32h7xx_hal_dma.c.obj
                0x24009aac                HAL_DMA_Start
 .text.HAL_DMA_Start_IT
                0x24009cec      0x4d4 CMakeFiles/Nucleo-H723-QSPI-W25Q64.dir/Drivers/STM32H7xx_HAL_Driver/Src/stm32h7xx_hal_dma.c.obj
                0x24009cec                HAL_DMA_Start_IT
 .text.HAL_DMA_Abort
                0x2400a1c0      0x63c CMakeFiles/Nucleo-H723-QSPI-W25Q64.dir/Drivers/STM32H7xx_HAL_Driver/Src/stm32h7xx_hal_dma.c.obj
                0x2400a1c0                HAL_DMA_Abort
 .text.HAL_DMA_Abort_IT
                0x2400a7fc      0x48c CMakeFiles/Nucleo-H723-QSPI-W25Q64.dir/Drivers/STM32H7xx_HAL_Driver/Src/stm32h7xx_hal_dma.c.obj
                0x2400a7fc                HAL_DMA_Abort_IT
 .text.HAL_DMA_PollForTransfer
                0x2400ac88      0x754 CMakeFiles/Nucleo-H723-QSPI-W25Q64.dir/Drivers/STM32H7xx_HAL_Driver/Src/stm32h7xx_hal_dma.c.obj
                0x2400ac88                HAL_DMA_PollForTransfer
 .text.HAL_DMA_IRQHandler
                0x2400b3dc      0xe54 CMakeFiles/Nucleo-H723-QSPI-W25Q64.dir/Drivers/STM32H7xx_HAL_Driver/Src/stm32h7xx_hal_dma.c.obj
                0x2400b3dc                HAL_DMA_IRQHandler
 .text.HAL_DMA_RegisterCallback
                0x2400c230       0xb4 CMakeFiles/Nucleo-H723-QSPI-W25Q64.dir/Drivers/STM32H7xx_HAL_Driver/Src/stm32h7xx_hal_dma.c.obj
                0x2400c230                HAL_DMA_RegisterCallback
 .text.HAL_DMA_UnRegisterCallback